../source/frontend/menu.c:11:9:menu_create	32	static
../source/frontend/menu.c:39:6:menu_on_focus	16	static
../source/frontend/menu.c:46:6:menu_init	16	static
../source/frontend/menu.c:51:6:menu_set_option	24	static
../source/frontend/menu.c:58:6:menu_destroy_current	8	static
../source/frontend/menu.c:62:6:menu_destroy	16	static
../source/frontend/menu.c:70:6:menu_open	16	static
../source/frontend/menu.c:85:6:menu_run	16	static
../source/frontend/menu.c:157:6:menu_go_up	16	static
../source/frontend/menu.c:163:6:menu_go_down	16	static
../source/frontend/menu.c:169:6:menu_go_select	16	static
../source/frontend/menu.c:175:6:menu_go_back	16	static
../source/frontend/menu.c:181:6:menu_go_to_option	24	static
../source/frontend/menu.c:192:9:menu_get_current	8	static
../source/frontend/menu.c:197:6:menu_is_available	16	static
../source/frontend/menu.c:205:6:menu_is_current_available	8	static
../source/frontend/menu.c:209:6:menu_force_close	16	static
../source/frontend/menu.c:216:6:menu_force_close_current	8	static
