Archive member included to satisfy reference by file (symbol)

C:/nxp/MCUXpressoIDE_11.10.0_3148/ide/plugins/com.nxp.mcuxpresso.tools.win32_11.10.0.202311280810/tools/bin/../lib/gcc/arm-none-eabi/13.2.1/../../../../arm-none-eabi/lib/thumb/v7e-m+fp/hard\libcr_c.a(alloc.o)
                              ./source/utils/circular_buffer.o (malloc)
C:/nxp/MCUXpressoIDE_11.10.0_3148/ide/plugins/com.nxp.mcuxpresso.tools.win32_11.10.0.202311280810/tools/bin/../lib/gcc/arm-none-eabi/13.2.1/../../../../arm-none-eabi/lib/thumb/v7e-m+fp/hard\libcr_c.a(strcpy.o)
                              ./source/frontend/input_menu.o (strcpy)
C:/nxp/MCUXpressoIDE_11.10.0_3148/ide/plugins/com.nxp.mcuxpresso.tools.win32_11.10.0.202311280810/tools/bin/../lib/gcc/arm-none-eabi/13.2.1/../../../../arm-none-eabi/lib/thumb/v7e-m+fp/hard\libcr_c.a(strlen.o)
                              ./source/frontend/input_menu.o (strlen)
C:/nxp/MCUXpressoIDE_11.10.0_3148/ide/plugins/com.nxp.mcuxpresso.tools.win32_11.10.0.202311280810/tools/bin/../lib/gcc/arm-none-eabi/13.2.1/../../../../arm-none-eabi/lib/thumb/v7e-m+fp/hard\libcr_c.a(memcpy.o)
                              C:/nxp/MCUXpressoIDE_11.10.0_3148/ide/plugins/com.nxp.mcuxpresso.tools.win32_11.10.0.202311280810/tools/bin/../lib/gcc/arm-none-eabi/13.2.1/../../../../arm-none-eabi/lib/thumb/v7e-m+fp/hard\libcr_c.a(alloc.o) (memcpy)
C:/nxp/MCUXpressoIDE_11.10.0_3148/ide/plugins/com.nxp.mcuxpresso.tools.win32_11.10.0.202311280810/tools/bin/../lib/gcc/arm-none-eabi/13.2.1/../../../../arm-none-eabi/lib/thumb/v7e-m+fp/hard\libcr_c.a(memset.o)
                              C:/nxp/MCUXpressoIDE_11.10.0_3148/ide/plugins/com.nxp.mcuxpresso.tools.win32_11.10.0.202311280810/tools/bin/../lib/gcc/arm-none-eabi/13.2.1/../../../../arm-none-eabi/lib/thumb/v7e-m+fp/hard\libcr_c.a(alloc.o) (memset)
C:/nxp/MCUXpressoIDE_11.10.0_3148/ide/plugins/com.nxp.mcuxpresso.tools.win32_11.10.0.202311280810/tools/bin/../lib/gcc/arm-none-eabi/13.2.1/../../../../arm-none-eabi/lib/thumb/v7e-m+fp/hard\libcr_c.a(__init_alloc.o)
                              C:/nxp/MCUXpressoIDE_11.10.0_3148/ide/plugins/com.nxp.mcuxpresso.tools.win32_11.10.0.202311280810/tools/bin/../lib/gcc/arm-none-eabi/13.2.1/../../../../arm-none-eabi/lib/thumb/v7e-m+fp/hard\libcr_c.a(alloc.o) (__heaps)
C:/nxp/MCUXpressoIDE_11.10.0_3148/ide/plugins/com.nxp.mcuxpresso.tools.win32_11.10.0.202311280810/tools/bin/../lib/gcc/arm-none-eabi/13.2.1/../../../../arm-none-eabi/lib/thumb/v7e-m+fp/hard\libcr_c.a(_cr_sbrk.o)
                              C:/nxp/MCUXpressoIDE_11.10.0_3148/ide/plugins/com.nxp.mcuxpresso.tools.win32_11.10.0.202311280810/tools/bin/../lib/gcc/arm-none-eabi/13.2.1/../../../../arm-none-eabi/lib/thumb/v7e-m+fp/hard\libcr_c.a(alloc.o) (_sbrk)
C:/nxp/MCUXpressoIDE_11.10.0_3148/ide/plugins/com.nxp.mcuxpresso.tools.win32_11.10.0.202311280810/tools/bin/../lib/gcc/arm-none-eabi/13.2.1/../../../../arm-none-eabi/lib/thumb/v7e-m+fp/hard\libcr_c.a(errno.o)
                              C:/nxp/MCUXpressoIDE_11.10.0_3148/ide/plugins/com.nxp.mcuxpresso.tools.win32_11.10.0.202311280810/tools/bin/../lib/gcc/arm-none-eabi/13.2.1/../../../../arm-none-eabi/lib/thumb/v7e-m+fp/hard\libcr_c.a(_cr_sbrk.o) (errno)
C:/nxp/MCUXpressoIDE_11.10.0_3148/ide/plugins/com.nxp.mcuxpresso.tools.win32_11.10.0.202311280810/tools/bin/../lib/gcc/arm-none-eabi/13.2.1/../../../../arm-none-eabi/lib/thumb/v7e-m+fp/hard\libcr_c.a(_cr_check_heap.o)
                              C:/nxp/MCUXpressoIDE_11.10.0_3148/ide/plugins/com.nxp.mcuxpresso.tools.win32_11.10.0.202311280810/tools/bin/../lib/gcc/arm-none-eabi/13.2.1/../../../../arm-none-eabi/lib/thumb/v7e-m+fp/hard\libcr_c.a(_cr_sbrk.o) (__check_heap_overflow)
C:/nxp/MCUXpressoIDE_11.10.0_3148/ide/plugins/com.nxp.mcuxpresso.tools.win32_11.10.0.202311280810/tools/bin/../lib/gcc/arm-none-eabi/13.2.1/thumb/v7e-m+fp/hard\libcr_eabihelpers.a(division_64.o)
                              ./source/rtos/uCOSIII/BSP/cpu_bsp.o (__aeabi_uldivmod)
C:/nxp/MCUXpressoIDE_11.10.0_3148/ide/plugins/com.nxp.mcuxpresso.tools.win32_11.10.0.202311280810/tools/bin/../lib/gcc/arm-none-eabi/13.2.1/thumb/v7e-m+fp/hard\libcr_eabihelpers.a(division_idiv0.o)
                              C:/nxp/MCUXpressoIDE_11.10.0_3148/ide/plugins/com.nxp.mcuxpresso.tools.win32_11.10.0.202311280810/tools/bin/../lib/gcc/arm-none-eabi/13.2.1/thumb/v7e-m+fp/hard\libcr_eabihelpers.a(division_64.o) (__aeabi_idiv0)
C:/nxp/MCUXpressoIDE_11.10.0_3148/ide/plugins/com.nxp.mcuxpresso.tools.win32_11.10.0.202311280810/tools/bin/../lib/gcc/arm-none-eabi/13.2.1/thumb/v7e-m+fp/hard\libcr_eabihelpers.a(memcpy.o)
                              C:/nxp/MCUXpressoIDE_11.10.0_3148/ide/plugins/com.nxp.mcuxpresso.tools.win32_11.10.0.202311280810/tools/bin/../lib/gcc/arm-none-eabi/13.2.1/../../../../arm-none-eabi/lib/thumb/v7e-m+fp/hard\libcr_c.a(memcpy.o) (__aeabi_memcpy)

Discarded input sections

 .group         0x00000000        0xc ./source/utils/circular_buffer.o
[...]
Memory Configuration

Name             Origin             Length             Attributes
PROGRAM_FLASH    0x00000000         0x00100000         xr
SRAM_UPPER       0x20000000         0x00030000         xrw
SRAM_LOWER       0x1fff0000         0x00010000         xrw
FLEX_RAM         0x14000000         0x00001000         xrw
*default*        0x00000000         0xffffffff

Linker script and memory map

LOAD ./source/utils/circular_buffer.o
LOAD ./source/serial/serial.o
LOAD ./source/rtos/uCOSIII/src/uCOS-III/Source/os_cfg_app.o
LOAD ./source/rtos/uCOSIII/src/uCOS-III/Source/os_core.o
LOAD ./source/rtos/uCOSIII/src/uCOS-III/Source/os_dbg.o
LOAD ./source/rtos/uCOSIII/src/uCOS-III/Source/os_flag.o
LOAD ./source/rtos/uCOSIII/src/uCOS-III/Source/os_int.o
LOAD ./source/rtos/uCOSIII/src/uCOS-III/Source/os_mem.o
LOAD ./source/rtos/uCOSIII/src/uCOS-III/Source/os_msg.o
LOAD ./source/rtos/uCOSIII/src/uCOS-III/Source/os_mutex.o
LOAD ./source/rtos/uCOSIII/src/uCOS-III/Source/os_pend_multi.o
LOAD ./source/rtos/uCOSIII/src/uCOS-III/Source/os_prio.o
LOAD ./source/rtos/uCOSIII/src/uCOS-III/Source/os_q.o
LOAD ./source/rtos/uCOSIII/src/uCOS-III/Source/os_sem.o
LOAD ./source/rtos/uCOSIII/src/uCOS-III/Source/os_stat.o
LOAD ./source/rtos/uCOSIII/src/uCOS-III/Source/os_task.o
LOAD ./source/rtos/uCOSIII/src/uCOS-III/Source/os_tick.o
LOAD ./source/rtos/uCOSIII/src/uCOS-III/Source/os_time.o
LOAD ./source/rtos/uCOSIII/src/uCOS-III/Source/os_tmr.o
LOAD ./source/rtos/uCOSIII/src/uCOS-III/Source/os_var.o
LOAD ./source/rtos/uCOSIII/src/uCOS-III/Ports/ARM-Cortex-M4/Generic/GNU/os_cpu_a.o
LOAD ./source/rtos/uCOSIII/src/uCOS-III/Ports/ARM-Cortex-M4/Generic/GNU/os_cpu_c.o
LOAD ./source/rtos/uCOSIII/src/uC-CPU/ARM-Cortex-M4/GNU/cpu_a.o
LOAD ./source/rtos/uCOSIII/src/uC-CPU/ARM-Cortex-M4/GNU/cpu_c.o
LOAD ./source/rtos/uCOSIII/src/uC-CPU/cpu_core.o
LOAD ./source/rtos/uCOSIII/BSP/cpu_bsp.o
LOAD ./source/frontend/call_stack.o
LOAD ./source/frontend/input_menu.o
LOAD ./source/frontend/list_menu.o
LOAD ./source/frontend/menu_base.o
LOAD ./source/frontend/message_box.o
LOAD ./source/drivers/display.o
LOAD ./source/drivers/encoder.o
LOAD ./source/drivers/gpio.o
LOAD ./source/drivers/lector.o
LOAD ./source/drivers/uart.o
LOAD ./source/backend/user_table.o
LOAD ./source/App.o
LOAD ./source/main.o
LOAD ./SDK/startup/hardware.o
LOAD ./SDK/startup/semihost_hardfault.o
LOAD ./SDK/startup/startup_mk64f12.o
LOAD ./SDK/CMSIS/system_MK64F12.o
START GROUP
LOAD C:/nxp/MCUXpressoIDE_11.10.0_3148/ide/plugins/com.nxp.mcuxpresso.tools.win32_11.10.0.202311280810/tools/bin/../lib/gcc/arm-none-eabi/13.2.1/../../../../arm-none-eabi/lib/thumb/v7e-m+fp/hard\libcr_c.a
LOAD C:/nxp/MCUXpressoIDE_11.10.0_3148/ide/plugins/com.nxp.mcuxpresso.tools.win32_11.10.0.202311280810/tools/bin/../lib/gcc/arm-none-eabi/13.2.1/thumb/v7e-m+fp/hard\libcr_eabihelpers.a
LOAD C:/nxp/MCUXpressoIDE_11.10.0_3148/ide/plugins/com.nxp.mcuxpresso.tools.win32_11.10.0.202311280810/tools/bin/../lib/gcc/arm-none-eabi/13.2.1/thumb/v7e-m+fp/hard\libgcc.a
END GROUP
                0x00000000                        __base_PROGRAM_FLASH = 0x0
                0x00000000                        __base_Flash = 0x0
                0x00100000                        __top_PROGRAM_FLASH = 0x100000
                0x00100000                        __top_Flash = 0x100000
                0x20000000                        __base_SRAM_UPPER = 0x20000000
                0x20000000                        __base_RAM = 0x20000000
                0x20030000                        __top_SRAM_UPPER = 0x20030000
                0x20030000                        __top_RAM = 0x20030000
                0x1fff0000                        __base_SRAM_LOWER = 0x1fff0000
                0x1fff0000                        __base_RAM2 = 0x1fff0000
                0x20000000                        __top_SRAM_LOWER = 0x20000000
                0x20000000                        __top_RAM2 = 0x20000000
                0x14000000                        __base_FLEX_RAM = 0x14000000
                0x14000000                        __base_RAM3 = 0x14000000
                0x14001000                        __top_FLEX_RAM = 0x14001000
                0x14001000                        __top_RAM3 = 0x14001000

.text           0x00000000     0x8bc8
 FILL mask 0xff
                0x00000000                        __vectors_start__ = ABSOLUTE (.)
 *(SORT_BY_ALIGNMENT(.isr_vector))
 .isr_vector    0x00000000      0x198 ./SDK/startup/startup_mk64f12.o
                0x00000000                g_pfnVectors
                0x00000000                __Vectors
                0x00000198                        . = ALIGN (0x4)
                0x00000198                        __section_table_start = .
                0x00000198                        __data_section_table = .
                0x00000198        0x4 LONG 0x8bc8 LOADADDR (.data)
                0x0000019c        0x4 LONG 0x20000000 ADDR (.data)
                0x000001a0        0x4 LONG 0x68 SIZEOF (.data)
                0x000001a4        0x4 LONG 0x8bc8 LOADADDR (.data_RAM2)
                0x000001a8        0x4 LONG 0x1fff0000 ADDR (.data_RAM2)
                0x000001ac        0x4 LONG 0x0 SIZEOF (.data_RAM2)
                0x000001b0        0x4 LONG 0x8bc8 LOADADDR (.data_RAM3)
                0x000001b4        0x4 LONG 0x14000000 ADDR (.data_RAM3)
                0x000001b8        0x4 LONG 0x0 SIZEOF (.data_RAM3)
                0x000001bc                        __data_section_table_end = .
                0x000001bc                        __bss_section_table = .
                0x000001bc        0x4 LONG 0x20000068 ADDR (.bss)
                0x000001c0        0x4 LONG 0x4e00 SIZEOF (.bss)
                0x000001c4        0x4 LONG 0x1fff0000 ADDR (.bss_RAM2)
                0x000001c8        0x4 LONG 0x0 SIZEOF (.bss_RAM2)
                0x000001cc        0x4 LONG 0x14000000 ADDR (.bss_RAM3)
                0x000001d0        0x4 LONG 0x0 SIZEOF (.bss_RAM3)
                0x000001d4                        __bss_section_table_end = .
                0x000001d4                        __section_table_end = .
 *(SORT_BY_ALIGNMENT(.after_vectors*))
 .after_vectors.reset
                0x000001d4       0x4c ./SDK/startup/startup_mk64f12.o
                0x000001d4                ResetISR
 .after_vectors.init_data
                0x00000220       0x1e ./SDK/startup/startup_mk64f12.o
                0x00000220                data_init
 .after_vectors.init_bss
                0x0000023e       0x12 ./SDK/startup/startup_mk64f12.o
                0x0000023e                bss_init
 .after_vectors
                0x00000250       0x14 ./SDK/startup/startup_mk64f12.o
                0x00000250                NMI_Handler
                0x00000254                MemManage_Handler
                0x00000256                BusFault_Handler
                0x00000258                UsageFault_Handler
                0x0000025a                SVC_Handler
                0x0000025c                DebugMon_Handler
                0x00000262                DMA_Error_DriverIRQHandler
                0x00000262                LPTMR0_DriverIRQHandler
                0x00000262                FTM1_DriverIRQHandler
                0x00000262                FTM2_DriverIRQHandler
                0x00000262                PIT2_DriverIRQHandler
                0x00000262                SDHC_DriverIRQHandler
                0x00000262                I2S0_Tx_DriverIRQHandler
                0x00000262                RTC_Seconds_DriverIRQHandler
                0x00000262                DMA6_DriverIRQHandler
                0x00000262                LLWU_DriverIRQHandler
                0x00000262                MCM_DriverIRQHandler
                0x00000262                MCG_DriverIRQHandler
                0x00000262                ENET_1588_Timer_DriverIRQHandler
                0x00000262                I2C2_DriverIRQHandler
                0x00000262                DAC1_DriverIRQHandler
                0x00000262                SPI1_DriverIRQHandler
                0x00000262                CMP1_DriverIRQHandler
                0x00000262                UART5_RX_TX_DriverIRQHandler
                0x00000262                FTM0_DriverIRQHandler
                0x00000262                IntDefaultHandler
                0x00000262                USB0_DriverIRQHandler
                0x00000262                UART5_ERR_DriverIRQHandler
                0x00000262                PORTC_DriverIRQHandler
                0x00000262                DMA11_DriverIRQHandler
                0x00000262                DAC0_DriverIRQHandler
                0x00000262                DMA10_DriverIRQHandler
                0x00000262                CMP2_DriverIRQHandler
                0x00000262                UART2_ERR_DriverIRQHandler
                0x00000262                SPI2_DriverIRQHandler
                0x00000262                LVD_LVW_DriverIRQHandler
                0x00000262                PIT0_DriverIRQHandler
                0x00000262                RNG_DriverIRQHandler
                0x00000262                DMA5_DriverIRQHandler
                0x00000262                DMA12_DriverIRQHandler
                0x00000262                UART2_RX_TX_DriverIRQHandler
                0x00000262                USBDCD_DriverIRQHandler
                0x00000262                UART3_ERR_DriverIRQHandler
                0x00000262                DMA3_DriverIRQHandler
                0x00000262                DMA8_DriverIRQHandler
                0x00000262                DMA9_DriverIRQHandler
                0x00000262                UART0_ERR_DriverIRQHandler
                0x00000262                CMT_DriverIRQHandler
                0x00000262                Reserved71_DriverIRQHandler
                0x00000262                ADC1_DriverIRQHandler
                0x00000262                PORTA_DriverIRQHandler
                0x00000262                DMA14_DriverIRQHandler
                0x00000262                PIT3_DriverIRQHandler
                0x00000262                PIT1_DriverIRQHandler
                0x00000262                WDOG_EWM_DriverIRQHandler
                0x00000262                PDB0_DriverIRQHandler
                0x00000262                RTC_DriverIRQHandler
                0x00000262                I2S0_Rx_DriverIRQHandler
                0x00000262                Read_Collision_DriverIRQHandler
                0x00000262                SWI_DriverIRQHandler
                0x00000262                UART4_RX_TX_DriverIRQHandler
                0x00000262                UART4_ERR_DriverIRQHandler
                0x00000262                PORTB_DriverIRQHandler
                0x00000262                UART0_LON_DriverIRQHandler
                0x00000262                DMA0_DriverIRQHandler
                0x00000262                DMA1_DriverIRQHandler
                0x00000262                I2C1_DriverIRQHandler
                0x00000262                UART3_RX_TX_DriverIRQHandler
                0x00000262                ENET_Receive_DriverIRQHandler
                0x00000262                DMA13_DriverIRQHandler
                0x00000262                ENET_Error_DriverIRQHandler
                0x00000262                DMA15_DriverIRQHandler
                0x00000262                UART0_RX_TX_DriverIRQHandler
                0x00000262                SPI0_DriverIRQHandler
                0x00000262                ADC0_DriverIRQHandler
                0x00000262                CMP0_DriverIRQHandler
                0x00000262                CAN0_DriverIRQHandler
                0x00000262                FTM3_DriverIRQHandler
                0x00000262                DMA4_DriverIRQHandler
                0x00000262                UART1_ERR_DriverIRQHandler
                0x00000262                DMA2_DriverIRQHandler
                0x00000262                ENET_Transmit_DriverIRQHandler
                0x00000262                PORTD_DriverIRQHandler
                0x00000262                PORTE_DriverIRQHandler
                0x00000262                FTFE_DriverIRQHandler
                0x00000262                I2C0_DriverIRQHandler
                0x00000262                DMA7_DriverIRQHandler
                0x00000262                UART1_RX_TX_DriverIRQHandler
                0x00000400                        . = 0x400
 *fill*         0x00000264      0x19c ff
                0x00000400                        PROVIDE (__FLASH_CONFIG_START__ = .)
 *(SORT_BY_ALIGNMENT(.FlashConfig))
 .FlashConfig   0x00000400       0x10 ./SDK/startup/startup_mk64f12.o
                0x00000400                Flash_Config
                0x00000410                        PROVIDE (__FLASH_CONFIG_END__ = .)
                0x00000001                        ASSERT (! ((__FLASH_CONFIG_START__ == __FLASH_CONFIG_END__)), Linker Flash Config Support Enabled, but no .FlashConfig section provided within application)
 *(SORT_BY_ALIGNMENT(.text*))
 .text.OSInit   0x00000410      0x1ec ./source/rtos/uCOSIII/src/uCOS-III/Source/os_core.o
                0x00000410                OSInit
 .text.OSIntEnter
                0x000005fc       0x38 ./source/rtos/uCOSIII/src/uCOS-III/Source/os_core.o
                0x000005fc                OSIntEnter
 .text.OSIntExit
                0x00000634       0xd8 ./source/rtos/uCOSIII/src/uCOS-III/Source/os_core.o
                0x00000634                OSIntExit
 .text.OSSched  0x0000070c       0xa8 ./source/rtos/uCOSIII/src/uCOS-III/Source/os_core.o
                0x0000070c                OSSched
 .text.OSSchedLock
                0x000007b4       0x74 ./source/rtos/uCOSIII/src/uCOS-III/Source/os_core.o
                0x000007b4                OSSchedLock
 .text.OSSchedUnlock
                0x00000828       0x90 ./source/rtos/uCOSIII/src/uCOS-III/Source/os_core.o
                0x00000828                OSSchedUnlock
 .text.OSSchedRoundRobinCfg
                0x000008b8       0x70 ./source/rtos/uCOSIII/src/uCOS-III/Source/os_core.o
                0x000008b8                OSSchedRoundRobinCfg
 .text.OSStart  0x00000928       0x80 ./source/rtos/uCOSIII/src/uCOS-III/Source/os_core.o
                0x00000928                OSStart
 .text.OS_IdleTask
                0x000009a8       0x3c ./source/rtos/uCOSIII/src/uCOS-III/Source/os_core.o
                0x000009a8                OS_IdleTask
 .text.OS_IdleTaskInit
                0x000009e4       0x68 ./source/rtos/uCOSIII/src/uCOS-III/Source/os_core.o
                0x000009e4                OS_IdleTaskInit
 .text.OS_Pend  0x00000a4c       0x84 ./source/rtos/uCOSIII/src/uCOS-III/Source/os_core.o
                0x00000a4c                OS_Pend
 .text.OS_PendDbgNameAdd
                0x00000ad0       0x7c ./source/rtos/uCOSIII/src/uCOS-III/Source/os_core.o
                0x00000ad0                OS_PendDbgNameAdd
 .text.OS_PendDbgNameRemove
                0x00000b4c       0x4c ./source/rtos/uCOSIII/src/uCOS-III/Source/os_core.o
                0x00000b4c                OS_PendDbgNameRemove
 .text.OS_Post  0x00000b98      0x130 ./source/rtos/uCOSIII/src/uCOS-III/Source/os_core.o
                0x00000b98                OS_Post
 .text.OS_RdyListInit
                0x00000cc8       0x4c ./source/rtos/uCOSIII/src/uCOS-III/Source/os_core.o
                0x00000cc8                OS_RdyListInit
 .text.OS_RdyListInsert
                0x00000d14       0x3c ./source/rtos/uCOSIII/src/uCOS-III/Source/os_core.o
                0x00000d14                OS_RdyListInsert
 .text.OS_RdyListInsertHead
                0x00000d50       0x84 ./source/rtos/uCOSIII/src/uCOS-III/Source/os_core.o
                0x00000d50                OS_RdyListInsertHead
 .text.OS_RdyListInsertTail
                0x00000dd4       0x80 ./source/rtos/uCOSIII/src/uCOS-III/Source/os_core.o
                0x00000dd4                OS_RdyListInsertTail
 .text.OS_RdyListRemove
                0x00000e54       0xb0 ./source/rtos/uCOSIII/src/uCOS-III/Source/os_core.o
                0x00000e54                OS_RdyListRemove
 .text.OS_SchedRoundRobin
                0x00000f04       0xc8 ./source/rtos/uCOSIII/src/uCOS-III/Source/os_core.o
                0x00000f04                OS_SchedRoundRobin
 .text.OS_TaskBlock
                0x00000fcc       0x40 ./source/rtos/uCOSIII/src/uCOS-III/Source/os_core.o
                0x00000fcc                OS_TaskBlock
 .text.OS_Dbg_Init
                0x0000100c      0x23c ./source/rtos/uCOSIII/src/uCOS-III/Source/os_dbg.o
                0x0000100c                OS_Dbg_Init
 .text.OS_FlagInit
                0x00001248       0x30 ./source/rtos/uCOSIII/src/uCOS-III/Source/os_flag.o
                0x00001248                OS_FlagInit
 .text.OS_MemInit
                0x00001278       0x30 ./source/rtos/uCOSIII/src/uCOS-III/Source/os_mem.o
                0x00001278                OS_MemInit
 .text.OS_MsgPoolInit
                0x000012a8       0xd0 ./source/rtos/uCOSIII/src/uCOS-III/Source/os_msg.o
                0x000012a8                OS_MsgPoolInit
 .text.OS_MsgQFreeAll
                0x00001378       0x78 ./source/rtos/uCOSIII/src/uCOS-III/Source/os_msg.o
                0x00001378                OS_MsgQFreeAll
 .text.OS_MsgQGet
                0x000013f0       0xc0 ./source/rtos/uCOSIII/src/uCOS-III/Source/os_msg.o
                0x000013f0                OS_MsgQGet
 .text.OSMutexCreate
                0x000014b0       0x98 ./source/rtos/uCOSIII/src/uCOS-III/Source/os_mutex.o
                0x000014b0                OSMutexCreate
 .text.OSMutexPend
                0x00001548      0x210 ./source/rtos/uCOSIII/src/uCOS-III/Source/os_mutex.o
                0x00001548                OSMutexPend
 .text.OSMutexPost
                0x00001758      0x1b8 ./source/rtos/uCOSIII/src/uCOS-III/Source/os_mutex.o
                0x00001758                OSMutexPost
 .text.OS_MutexDbgListAdd
                0x00001910       0x50 ./source/rtos/uCOSIII/src/uCOS-III/Source/os_mutex.o
                0x00001910                OS_MutexDbgListAdd
 .text.OS_MutexInit
                0x00001960       0x30 ./source/rtos/uCOSIII/src/uCOS-III/Source/os_mutex.o
                0x00001960                OS_MutexInit
 .text.OSPendMulti
                0x00001990      0x180 ./source/rtos/uCOSIII/src/uCOS-III/Source/os_pend_multi.o
                0x00001990                OSPendMulti
 .text.OS_PendMultiGetRdy
                0x00001b10       0xec ./source/rtos/uCOSIII/src/uCOS-III/Source/os_pend_multi.o
                0x00001b10                OS_PendMultiGetRdy
 .text.OS_PendMultiValidate
                0x00001bfc       0x84 ./source/rtos/uCOSIII/src/uCOS-III/Source/os_pend_multi.o
                0x00001bfc                OS_PendMultiValidate
 .text.OS_PendMultiWait
                0x00001c80       0xb4 ./source/rtos/uCOSIII/src/uCOS-III/Source/os_pend_multi.o
                0x00001c80                OS_PendMultiWait
 .text.OS_PrioInit
                0x00001d34       0x34 ./source/rtos/uCOSIII/src/uCOS-III/Source/os_prio.o
                0x00001d34                OS_PrioInit
 .text.OS_PrioGetHighest
                0x00001d68       0x48 ./source/rtos/uCOSIII/src/uCOS-III/Source/os_prio.o
                0x00001d68                OS_PrioGetHighest
 .text.OS_PrioInsert
                0x00001db0       0x50 ./source/rtos/uCOSIII/src/uCOS-III/Source/os_prio.o
                0x00001db0                OS_PrioInsert
 .text.OS_PrioRemove
                0x00001e00       0x50 ./source/rtos/uCOSIII/src/uCOS-III/Source/os_prio.o
                0x00001e00                OS_PrioRemove
 .text.OS_QInit
                0x00001e50       0x30 ./source/rtos/uCOSIII/src/uCOS-III/Source/os_q.o
                0x00001e50                OS_QInit
 .text.OSSemCreate
                0x00001e80       0x8c ./source/rtos/uCOSIII/src/uCOS-III/Source/os_sem.o
                0x00001e80                OSSemCreate
 .text.OSSemPend
                0x00001f0c      0x1c8 ./source/rtos/uCOSIII/src/uCOS-III/Source/os_sem.o
                0x00001f0c                OSSemPend
 .text.OSSemPost
                0x000020d4       0x88 ./source/rtos/uCOSIII/src/uCOS-III/Source/os_sem.o
                0x000020d4                OSSemPost
 .text.OS_SemDbgListAdd
                0x0000215c       0x50 ./source/rtos/uCOSIII/src/uCOS-III/Source/os_sem.o
                0x0000215c                OS_SemDbgListAdd
 .text.OS_SemInit
                0x000021ac       0x30 ./source/rtos/uCOSIII/src/uCOS-III/Source/os_sem.o
                0x000021ac                OS_SemInit
 .text.OSStatReset
                0x000021dc      0x118 ./source/rtos/uCOSIII/src/uCOS-III/Source/os_stat.o
                0x000021dc                OSStatReset
 .text.OS_StatTask
                0x000022f4      0x310 ./source/rtos/uCOSIII/src/uCOS-III/Source/os_stat.o
                0x000022f4                OS_StatTask
 .text.OS_StatTaskInit
                0x00002604       0xd4 ./source/rtos/uCOSIII/src/uCOS-III/Source/os_stat.o
                0x00002604                OS_StatTaskInit
 .text.OSTaskCreate
                0x000026d8      0x21c ./source/rtos/uCOSIII/src/uCOS-III/Source/os_task.o
                0x000026d8                OSTaskCreate
 .text.OSTaskDel
                0x000028f4      0x200 ./source/rtos/uCOSIII/src/uCOS-III/Source/os_task.o
                0x000028f4                OSTaskDel
 .text.OSTaskSemPend
                0x00002af4      0x1d8 ./source/rtos/uCOSIII/src/uCOS-III/Source/os_task.o
                0x00002af4                OSTaskSemPend
 .text.OSTaskStkChk
                0x00002ccc       0xf0 ./source/rtos/uCOSIII/src/uCOS-III/Source/os_task.o
                0x00002ccc                OSTaskStkChk
 .text.OS_TaskDbgListAdd
                0x00002dbc       0x4c ./source/rtos/uCOSIII/src/uCOS-III/Source/os_task.o
                0x00002dbc                OS_TaskDbgListAdd
 .text.OS_TaskDbgListRemove
                0x00002e08       0x84 ./source/rtos/uCOSIII/src/uCOS-III/Source/os_task.o
                0x00002e08                OS_TaskDbgListRemove
 .text.OS_TaskInit
                0x00002e8c       0x38 ./source/rtos/uCOSIII/src/uCOS-III/Source/os_task.o
                0x00002e8c                OS_TaskInit
 .text.OS_TaskInitTCB
                0x00002ec4      0x1a0 ./source/rtos/uCOSIII/src/uCOS-III/Source/os_task.o
                0x00002ec4                OS_TaskInitTCB
 .text.OS_TaskReturn
                0x00003064       0x28 ./source/rtos/uCOSIII/src/uCOS-III/Source/os_task.o
                0x00003064                OS_TaskReturn
 .text.OS_TaskSemPost
                0x0000308c      0x128 ./source/rtos/uCOSIII/src/uCOS-III/Source/os_task.o
                0x0000308c                OS_TaskSemPost
 .text.OS_TaskChangePrio
                0x000031b4      0x148 ./source/rtos/uCOSIII/src/uCOS-III/Source/os_task.o
                0x000031b4                OS_TaskChangePrio
 .text.OS_TickTask
                0x000032fc       0x64 ./source/rtos/uCOSIII/src/uCOS-III/Source/os_tick.o
                0x000032fc                OS_TickTask
 .text.OS_TickTaskInit
                0x00003360       0xd8 ./source/rtos/uCOSIII/src/uCOS-III/Source/os_tick.o
                0x00003360                OS_TickTaskInit
 .text.OS_TickListInsertDly
                0x00003438      0x108 ./source/rtos/uCOSIII/src/uCOS-III/Source/os_tick.o
                0x00003438                OS_TickListInsertDly
 .text.OS_TickListUpdateDly
                0x00003540       0xbc ./source/rtos/uCOSIII/src/uCOS-III/Source/os_tick.o
 .text.OS_TickListUpdateTimeout
                0x000035fc      0x158 ./source/rtos/uCOSIII/src/uCOS-III/Source/os_tick.o
 .text.OSTimeDly
                0x00003754       0xd8 ./source/rtos/uCOSIII/src/uCOS-III/Source/os_time.o
                0x00003754                OSTimeDly
 .text.OSTimeDlyHMSM
                0x0000382c      0x1f0 ./source/rtos/uCOSIII/src/uCOS-III/Source/os_time.o
                0x0000382c                OSTimeDlyHMSM
 .text.OSTimeTick
                0x00003a1c       0x74 ./source/rtos/uCOSIII/src/uCOS-III/Source/os_time.o
                0x00003a1c                OSTimeTick
 .text.OSTmrCreate
                0x00003a90       0xe0 ./source/rtos/uCOSIII/src/uCOS-III/Source/os_tmr.o
                0x00003a90                OSTmrCreate
 .text.OSTmrStart
                0x00003b70      0x148 ./source/rtos/uCOSIII/src/uCOS-III/Source/os_tmr.o
                0x00003b70                OSTmrStart
 .text.OS_TmrDbgListAdd
                0x00003cb8       0x44 ./source/rtos/uCOSIII/src/uCOS-III/Source/os_tmr.o
                0x00003cb8                OS_TmrDbgListAdd
 .text.OS_TmrInit
                0x00003cfc      0x138 ./source/rtos/uCOSIII/src/uCOS-III/Source/os_tmr.o
                0x00003cfc                OS_TmrInit
 .text.OS_TmrUnlink
                0x00003e34       0x80 ./source/rtos/uCOSIII/src/uCOS-III/Source/os_tmr.o
                0x00003e34                OS_TmrUnlink
 .text.OS_TmrTask
                0x00003eb4       0xc8 ./source/rtos/uCOSIII/src/uCOS-III/Source/os_tmr.o
                0x00003eb4                OS_TmrTask
 .text.OS_TmrLock
                0x00003f7c       0x24 ./source/rtos/uCOSIII/src/uCOS-III/Source/os_tmr.o
 .text.OS_TmrUnlock
                0x00003fa0       0x20 ./source/rtos/uCOSIII/src/uCOS-III/Source/os_tmr.o
 .text          0x00003fc0       0xfc ./source/rtos/uCOSIII/src/uCOS-III/Ports/ARM-Cortex-M4/Generic/GNU/os_cpu_a.o
                0x00003fc0                OS_CPU_FP_Reg_Push
                0x00003fd2                OS_CPU_FP_Reg_Pop
                0x00003fde                OSStartHighRdy
                0x0000404e                OSCtxSw
                0x00004058                OSIntCtxSw
                0x00004062                PendSV_Handler
 .text.OSIdleTaskHook
                0x000040bc       0x1c ./source/rtos/uCOSIII/src/uCOS-III/Ports/ARM-Cortex-M4/Generic/GNU/os_cpu_c.o
                0x000040bc                OSIdleTaskHook
 .text.OSInitHook
                0x000040d8       0x38 ./source/rtos/uCOSIII/src/uCOS-III/Ports/ARM-Cortex-M4/Generic/GNU/os_cpu_c.o
                0x000040d8                OSInitHook
 .text.OSStatTaskHook
                0x00004110       0x1c ./source/rtos/uCOSIII/src/uCOS-III/Ports/ARM-Cortex-M4/Generic/GNU/os_cpu_c.o
                0x00004110                OSStatTaskHook
 .text.OSTaskCreateHook
                0x0000412c       0x24 ./source/rtos/uCOSIII/src/uCOS-III/Ports/ARM-Cortex-M4/Generic/GNU/os_cpu_c.o
                0x0000412c                OSTaskCreateHook
 .text.OSTaskDelHook
                0x00004150       0x24 ./source/rtos/uCOSIII/src/uCOS-III/Ports/ARM-Cortex-M4/Generic/GNU/os_cpu_c.o
                0x00004150                OSTaskDelHook
 .text.OSTaskReturnHook
                0x00004174       0x24 ./source/rtos/uCOSIII/src/uCOS-III/Ports/ARM-Cortex-M4/Generic/GNU/os_cpu_c.o
                0x00004174                OSTaskReturnHook
 .text.OSTaskStkInit
                0x00004198      0x34c ./source/rtos/uCOSIII/src/uCOS-III/Ports/ARM-Cortex-M4/Generic/GNU/os_cpu_c.o
                0x00004198                OSTaskStkInit
 .text.OSTaskSwHook
                0x000044e4       0xa8 ./source/rtos/uCOSIII/src/uCOS-III/Ports/ARM-Cortex-M4/Generic/GNU/os_cpu_c.o
                0x000044e4                OSTaskSwHook
 .text.OSTimeTickHook
                0x0000458c       0x1c ./source/rtos/uCOSIII/src/uCOS-III/Ports/ARM-Cortex-M4/Generic/GNU/os_cpu_c.o
                0x0000458c                OSTimeTickHook
 .text.OS_CPU_SysTickInit
                0x000045a8       0x54 ./source/rtos/uCOSIII/src/uCOS-III/Ports/ARM-Cortex-M4/Generic/GNU/os_cpu_c.o
                0x000045a8                OS_CPU_SysTickInit
 .text          0x000045fc       0x34 ./source/rtos/uCOSIII/src/uC-CPU/ARM-Cortex-M4/GNU/cpu_a.o
                0x000045fc                CPU_IntDis
                0x00004600                CPU_IntEn
                0x00004604                CPU_SR_Save
                0x0000460c                CPU_SR_Restore
                0x00004612                CPU_WaitForInt
                0x00004616                CPU_WaitForExcept
                0x0000461a                CPU_CntLeadZeros
                0x00004620                CPU_CntTrailZeros
                0x0000462a                CPU_RevBits
 .text.CPU_TS_TmrFreqSet
                0x00004630       0x20 ./source/rtos/uCOSIII/src/uC-CPU/cpu_core.o
                0x00004630                CPU_TS_TmrFreqSet
 .text.CPU_TS_Init
                0x00004650       0x18 ./source/rtos/uCOSIII/src/uC-CPU/cpu_core.o
 .text.CPU_TS_TmrInit
                0x00004668       0x48 ./source/rtos/uCOSIII/BSP/cpu_bsp.o
                0x00004668                CPU_TS_TmrInit
 .text.input_menu_create
                0x000046b0       0xf8 ./source/frontend/input_menu.o
                0x000046b0                input_menu_create
 .text.input_menu_render
                0x000047a8       0xd8 ./source/frontend/input_menu.o
 .text.input_menu_run
                0x00004880      0x11c ./source/frontend/input_menu.o
 .text.list_menu_create
                0x0000499c      0x10c ./source/frontend/list_menu.o
                0x0000499c                list_menu_create
 .text.list_menu_run
                0x00004aa8       0xe4 ./source/frontend/list_menu.o
 .text.message_box
                0x00004b8c       0x40 ./source/frontend/message_box.o
                0x00004b8c                message_box
 .text.char_to_7segment
                0x00004bcc      0x1cc ./source/drivers/display.o
 .text.dispInit
                0x00004d98      0x104 ./source/drivers/display.o
                0x00004d98                dispInit
 .text.setCursor
                0x00004e9c       0x2c ./source/drivers/display.o
                0x00004e9c                setCursor
 .text.setWinOffset
                0x00004ec8       0x2c ./source/drivers/display.o
                0x00004ec8                setWinOffset
 .text.dispWord
                0x00004ef4       0x80 ./source/drivers/display.o
                0x00004ef4                dispWord
 .text.dispChar
                0x00004f74       0x28 ./source/drivers/display.o
                0x00004f74                dispChar
 .text.dispBlank
                0x00004f9c       0x34 ./source/drivers/display.o
                0x00004f9c                dispBlank
 .text.dispEnableSlider
                0x00004fd0       0x20 ./source/drivers/display.o
                0x00004fd0                dispEnableSlider
 .text.disp_reset_slider
                0x00004ff0       0x24 ./source/drivers/display.o
                0x00004ff0                disp_reset_slider
 .text.dispRender
                0x00005014       0xc8 ./source/drivers/display.o
 .text.write_display
                0x000050dc       0x90 ./source/drivers/display.o
 .text.getIndex
                0x0000516c       0x30 ./source/drivers/display.o
 .text.slider   0x0000519c       0x54 ./source/drivers/display.o
 .text.turn_off_segs
                0x000051f0       0x3c ./source/drivers/display.o
 .text.show_cursor
                0x0000522c       0x28 ./source/drivers/display.o
 .text.enc_periodic_callback
                0x00005254      0x258 ./source/drivers/encoder.o
 .text.encoder_read_irq
                0x000054ac       0xa4 ./source/drivers/encoder.o
 .text.encoder_init
                0x00005550      0x100 ./source/drivers/encoder.o
                0x00005550                encoder_init
 .text.encoder_sem_ptr
                0x00005650       0x14 ./source/drivers/encoder.o
                0x00005650                encoder_sem_ptr
 .text.encoder_get_event
                0x00005664       0x94 ./source/drivers/encoder.o
                0x00005664                encoder_get_event
 .text.__NVIC_EnableIRQ
                0x000056f8       0x3c ./source/drivers/gpio.o
 .text.gpioMode
                0x00005734      0x160 ./source/drivers/gpio.o
                0x00005734                gpioMode
 .text.gpioIRQ  0x00005894       0xe8 ./source/drivers/gpio.o
                0x00005894                gpioIRQ
 .text.gpioIRQEnable
                0x0000597c       0xc0 ./source/drivers/gpio.o
                0x0000597c                gpioIRQEnable
 .text.gpioIRQDisable
                0x00005a3c       0xb0 ./source/drivers/gpio.o
                0x00005a3c                gpioIRQDisable
 .text.gpioWrite
                0x00005aec       0x74 ./source/drivers/gpio.o
                0x00005aec                gpioWrite
 .text.gpioRead
                0x00005b60       0x64 ./source/drivers/gpio.o
                0x00005b60                gpioRead
 .text.PORTA_IRQHandler
                0x00005bc4       0x70 ./source/drivers/gpio.o
                0x00005bc4                PORTA_IRQHandler
 .text.PORTB_IRQHandler
                0x00005c34       0x70 ./source/drivers/gpio.o
                0x00005c34                PORTB_IRQHandler
 .text.PORTC_IRQHandler
                0x00005ca4       0x70 ./source/drivers/gpio.o
                0x00005ca4                PORTC_IRQHandler
 .text.PORTD_IRQHandler
                0x00005d14       0x70 ./source/drivers/gpio.o
                0x00005d14                PORTD_IRQHandler
 .text.PORTE_IRQHandler
                0x00005d84       0x70 ./source/drivers/gpio.o
                0x00005d84                PORTE_IRQHandler
 .text.lector_Init
                0x00005df4       0xa4 ./source/drivers/lector.o
                0x00005df4                lector_Init
 .text.read_enable
                0x00005e98       0x54 ./source/drivers/lector.o
                0x00005e98                read_enable
 .text.read_lector_data
                0x00005eec       0xc0 ./source/drivers/lector.o
 .text.parse_data
                0x00005fac      0x180 ./source/drivers/lector.o
 .text.__NVIC_EnableIRQ
                0x0000612c       0x3c ./source/drivers/uart.o
 .text.uart_init
                0x00006168      0x198 ./source/drivers/uart.o
                0x00006168                uart_init
 .text.uart_set_baudrate
                0x00006300      0x120 ./source/drivers/uart.o
 .text.uart_handle_interrupt
                0x00006420       0xb8 ./source/drivers/uart.o
 .text.integer_to_string
                0x000064d8       0x94 ./source/backend/user_table.o
                0x000064d8                integer_to_string
 .text.confirm_access_callback
                0x0000656c       0xd8 ./source/App.o
                0x0000656c                confirm_access_callback
 .text.enter_id_callback
                0x00006644       0x24 ./source/App.o
                0x00006644                enter_id_callback
 .text.enter_pass_callback
                0x00006668       0x24 ./source/App.o
                0x00006668                enter_pass_callback
 .text.App_Menu_Task
                0x0000668c      0x1f8 ./source/App.o
 .text.App_Start
                0x00006884      0x200 ./source/App.o
                0x00006884                App_Start
 .text.main     0x00006a84       0xd8 ./source/main.o
                0x00006a84                main
 .text.hw_Init  0x00006b5c      0x104 ./SDK/startup/hardware.o
                0x00006b5c                hw_Init
 .text.SystemInit
                0x00006c60       0x3c ./SDK/CMSIS/system_MK64F12.o
                0x00006c60                SystemInit
 .text.SystemCoreClockUpdate
                0x00006c9c      0x28c ./SDK/CMSIS/system_MK64F12.o
                0x00006c9c                SystemCoreClockUpdate
 .text.malloc   0x00006f28       0xc8 C:/nxp/MCUXpressoIDE_11.10.0_3148/ide/plugins/com.nxp.mcuxpresso.tools.win32_11.10.0.202311280810/tools/bin/../lib/gcc/arm-none-eabi/13.2.1/../../../../arm-none-eabi/lib/thumb/v7e-m+fp/hard\libcr_c.a(alloc.o)
                0x00006f28                malloc
 .text._sbrk    0x00006ff0       0x3c C:/nxp/MCUXpressoIDE_11.10.0_3148/ide/plugins/com.nxp.mcuxpresso.tools.win32_11.10.0.202311280810/tools/bin/../lib/gcc/arm-none-eabi/13.2.1/../../../../arm-none-eabi/lib/thumb/v7e-m+fp/hard\libcr_c.a(_cr_sbrk.o)
                0x00006ff0                _sbrk
 .text.__check_heap_overflow
                0x0000702c       0x18 C:/nxp/MCUXpressoIDE_11.10.0_3148/ide/plugins/com.nxp.mcuxpresso.tools.win32_11.10.0.202311280810/tools/bin/../lib/gcc/arm-none-eabi/13.2.1/../../../../arm-none-eabi/lib/thumb/v7e-m+fp/hard\libcr_c.a(_cr_check_heap.o)
                0x0000702c                __check_heap_overflow
 .text.circular_buffer_init
                0x00007044       0x5e ./source/utils/circular_buffer.o
                0x00007044                circular_buffer_init
 .text.circular_buffer_empty
                0x000070a2       0x22 ./source/utils/circular_buffer.o
                0x000070a2                circular_buffer_empty
 .text.circular_buffer_full
                0x000070c4       0x26 ./source/utils/circular_buffer.o
                0x000070c4                circular_buffer_full
 .text.circular_buffer_push
                0x000070ea       0x56 ./source/utils/circular_buffer.o
                0x000070ea                circular_buffer_push
 .text.circular_buffer_pop
                0x00007140       0x52 ./source/utils/circular_buffer.o
                0x00007140                circular_buffer_pop
 .text.serial_init
                0x00007192       0x18 ./source/serial/serial.o
                0x00007192                serial_init
 .text.OSCfg_Init
                0x000071aa        0xe ./source/rtos/uCOSIII/src/uCOS-III/Source/os_cfg_app.o
                0x000071aa                OSCfg_Init
 .text.OS_PendDataInit
                0x000071b8       0x6e ./source/rtos/uCOSIII/src/uCOS-III/Source/os_core.o
                0x000071b8                OS_PendDataInit
 .text.OS_PendListChangePrio
                0x00007226       0x58 ./source/rtos/uCOSIII/src/uCOS-III/Source/os_core.o
                0x00007226                OS_PendListChangePrio
 .text.OS_PendListInit
                0x0000727e       0x26 ./source/rtos/uCOSIII/src/uCOS-III/Source/os_core.o
                0x0000727e                OS_PendListInit
 .text.OS_PendListInsertPrio
                0x000072a4       0xe8 ./source/rtos/uCOSIII/src/uCOS-III/Source/os_core.o
                0x000072a4                OS_PendListInsertPrio
 .text.OS_PendListRemove
                0x0000738c       0x54 ./source/rtos/uCOSIII/src/uCOS-III/Source/os_core.o
                0x0000738c                OS_PendListRemove
 .text.OS_PendListRemove1
                0x000073e0       0x94 ./source/rtos/uCOSIII/src/uCOS-III/Source/os_core.o
                0x000073e0                OS_PendListRemove1
 .text.OS_Post1
                0x00007474       0x62 ./source/rtos/uCOSIII/src/uCOS-III/Source/os_core.o
                0x00007474                OS_Post1
 .text.OS_RdyListMoveHeadToTail
                0x000074d6       0x92 ./source/rtos/uCOSIII/src/uCOS-III/Source/os_core.o
                0x000074d6                OS_RdyListMoveHeadToTail
 .text.OS_MsgQInit
                0x00007568       0x36 ./source/rtos/uCOSIII/src/uCOS-III/Source/os_msg.o
                0x00007568                OS_MsgQInit
 .text.OS_MutexGrpAdd
                0x0000759e       0x24 ./source/rtos/uCOSIII/src/uCOS-III/Source/os_mutex.o
                0x0000759e                OS_MutexGrpAdd
 .text.OS_MutexGrpRemove
                0x000075c2       0x3a ./source/rtos/uCOSIII/src/uCOS-III/Source/os_mutex.o
                0x000075c2                OS_MutexGrpRemove
 .text.OS_MutexGrpPrioFindHighest
                0x000075fc       0x56 ./source/rtos/uCOSIII/src/uCOS-III/Source/os_mutex.o
                0x000075fc                OS_MutexGrpPrioFindHighest
 .text.OS_MutexGrpPostAll
                0x00007652       0x88 ./source/rtos/uCOSIII/src/uCOS-III/Source/os_mutex.o
                0x00007652                OS_MutexGrpPostAll
 .text.OS_SemPost
                0x000076da       0xde ./source/rtos/uCOSIII/src/uCOS-III/Source/os_sem.o
                0x000076da                OS_SemPost
 .text.OSTaskSemPost
                0x000077b8       0x44 ./source/rtos/uCOSIII/src/uCOS-III/Source/os_task.o
                0x000077b8                OSTaskSemPost
 .text.OS_TickListInsert
                0x000077fc      0x12e ./source/rtos/uCOSIII/src/uCOS-III/Source/os_tick.o
                0x000077fc                OS_TickListInsert
 .text.OS_TickListRemove
                0x0000792a       0xca ./source/rtos/uCOSIII/src/uCOS-III/Source/os_tick.o
                0x0000792a                OS_TickListRemove
 .text.OS_TickListResetPeak
                0x000079f4        0xe ./source/rtos/uCOSIII/src/uCOS-III/Source/os_tick.o
                0x000079f4                OS_TickListResetPeak
 .text.OS_TmrResetPeak
                0x00007a02        0xe ./source/rtos/uCOSIII/src/uCOS-III/Source/os_tmr.o
                0x00007a02                OS_TmrResetPeak
 .text.SysTick_Handler
                0x00007a10       0x2a ./source/rtos/uCOSIII/src/uCOS-III/Ports/ARM-Cortex-M4/Generic/GNU/os_cpu_c.o
                0x00007a10                SysTick_Handler
 .text.CPU_Init
                0x00007a3a        0xc ./source/rtos/uCOSIII/src/uC-CPU/cpu_core.o
                0x00007a3a                CPU_Init
 .text.call_stack_init
                0x00007a46       0x66 ./source/frontend/call_stack.o
                0x00007a46                call_stack_init
 .text.call_stack_push
                0x00007aac       0x3e ./source/frontend/call_stack.o
                0x00007aac                call_stack_push
 .text.call_stack_current
                0x00007aea       0x36 ./source/frontend/call_stack.o
                0x00007aea                call_stack_current
 .text.call_stack_pop
                0x00007b20       0x3c ./source/frontend/call_stack.o
                0x00007b20                call_stack_pop
 .text.input_menu_open
                0x00007b5c       0x5a ./source/frontend/input_menu.o
 .text.input_menu_set_value
                0x00007bb6       0x90 ./source/frontend/input_menu.o
                0x00007bb6                input_menu_set_value
 .text.input_menu_increment
                0x00007c46      0x146 ./source/frontend/input_menu.o
 .text.input_menu_decrement
                0x00007d8c      0x12a ./source/frontend/input_menu.o
 .text.list_menu_set_option
                0x00007eb6       0x64 ./source/frontend/list_menu.o
                0x00007eb6                list_menu_set_option
 .text.list_menu_open
                0x00007f1a       0x1e ./source/frontend/list_menu.o
 .text.list_menu_render
                0x00007f38       0x32 ./source/frontend/list_menu.o
 .text.menu_base_create
                0x00007f6a       0x74 ./source/frontend/menu_base.o
                0x00007f6a                menu_base_create
 .text.menu_base_render
                0x00007fde       0x2a ./source/frontend/menu_base.o
                0x00007fde                menu_base_render
 .text.menu_base_open
                0x00008008       0x2a ./source/frontend/menu_base.o
                0x00008008                menu_base_open
 .text.menu_base_run
                0x00008032       0xa6 ./source/frontend/menu_base.o
                0x00008032                menu_base_run
 .text.menu_base_destroy
                0x000080d8       0x1c ./source/frontend/menu_base.o
                0x000080d8                menu_base_destroy
 .text.lector_tmr_callback
                0x000080f4       0x16 ./source/drivers/lector.o
 .text.UART0_RX_TX_IRQHandler
                0x0000810a       0x1e ./source/drivers/uart.o
                0x0000810a                UART0_RX_TX_IRQHandler
 .text.UART1_RX_TX_IRQHandler
                0x00008128       0x1e ./source/drivers/uart.o
                0x00008128                UART1_RX_TX_IRQHandler
 .text.UART2_RX_TX_IRQHandler
                0x00008146       0x1e ./source/drivers/uart.o
                0x00008146                UART2_RX_TX_IRQHandler
 .text.UART3_RX_TX_IRQHandler
                0x00008164       0x1e ./source/drivers/uart.o
                0x00008164                UART3_RX_TX_IRQHandler
 .text.UART4_RX_TX_IRQHandler
                0x00008182       0x1e ./source/drivers/uart.o
                0x00008182                UART4_RX_TX_IRQHandler
 .text.user_table_create
                0x000081a0       0x76 ./source/backend/user_table.o
                0x000081a0                user_table_create
 .text.user_table_add
                0x00008216       0x62 ./source/backend/user_table.o
                0x00008216                user_table_add
 .text.user_table_find
                0x00008278       0x54 ./source/backend/user_table.o
                0x00008278                user_table_find
 .text.user_table_get_user
                0x000082cc       0x70 ./source/backend/user_table.o
                0x000082cc                user_table_get_user
 .text.string_to_integer
                0x0000833c       0x74 ./source/backend/user_table.o
                0x0000833c                string_to_integer
 .text.update_display
                0x000083b0       0x4a ./source/App.o
                0x000083b0                update_display
 .text.HardFault_Handler
                0x000083fa       0x2c ./SDK/startup/semihost_hardfault.o
                0x000083fa                HardFault_Handler
 .text.DMA0_IRQHandler
                0x00008426        0x8 ./SDK/startup/startup_mk64f12.o
                0x00008426                DMA0_IRQHandler
 .text.DMA1_IRQHandler
                0x0000842e        0x8 ./SDK/startup/startup_mk64f12.o
                0x0000842e                DMA1_IRQHandler
 .text.DMA2_IRQHandler
                0x00008436        0x8 ./SDK/startup/startup_mk64f12.o
                0x00008436                DMA2_IRQHandler
 .text.DMA3_IRQHandler
                0x0000843e        0x8 ./SDK/startup/startup_mk64f12.o
                0x0000843e                DMA3_IRQHandler
 .text.DMA4_IRQHandler
                0x00008446        0x8 ./SDK/startup/startup_mk64f12.o
                0x00008446                DMA4_IRQHandler
 .text.DMA5_IRQHandler
                0x0000844e        0x8 ./SDK/startup/startup_mk64f12.o
                0x0000844e                DMA5_IRQHandler
 .text.DMA6_IRQHandler
                0x00008456        0x8 ./SDK/startup/startup_mk64f12.o
                0x00008456                DMA6_IRQHandler
 .text.DMA7_IRQHandler
                0x0000845e        0x8 ./SDK/startup/startup_mk64f12.o
                0x0000845e                DMA7_IRQHandler
 .text.DMA8_IRQHandler
                0x00008466        0x8 ./SDK/startup/startup_mk64f12.o
                0x00008466                DMA8_IRQHandler
 .text.DMA9_IRQHandler
                0x0000846e        0x8 ./SDK/startup/startup_mk64f12.o
                0x0000846e                DMA9_IRQHandler
 .text.DMA10_IRQHandler
                0x00008476        0x8 ./SDK/startup/startup_mk64f12.o
                0x00008476                DMA10_IRQHandler
 .text.DMA11_IRQHandler
                0x0000847e        0x8 ./SDK/startup/startup_mk64f12.o
                0x0000847e                DMA11_IRQHandler
 .text.DMA12_IRQHandler
                0x00008486        0x8 ./SDK/startup/startup_mk64f12.o
                0x00008486                DMA12_IRQHandler
 .text.DMA13_IRQHandler
                0x0000848e        0x8 ./SDK/startup/startup_mk64f12.o
                0x0000848e                DMA13_IRQHandler
 .text.DMA14_IRQHandler
                0x00008496        0x8 ./SDK/startup/startup_mk64f12.o
                0x00008496                DMA14_IRQHandler
 .text.DMA15_IRQHandler
                0x0000849e        0x8 ./SDK/startup/startup_mk64f12.o
                0x0000849e                DMA15_IRQHandler
 .text.DMA_Error_IRQHandler
                0x000084a6        0x8 ./SDK/startup/startup_mk64f12.o
                0x000084a6                DMA_Error_IRQHandler
 .text.MCM_IRQHandler
                0x000084ae        0x8 ./SDK/startup/startup_mk64f12.o
                0x000084ae                MCM_IRQHandler
 .text.FTFE_IRQHandler
                0x000084b6        0x8 ./SDK/startup/startup_mk64f12.o
                0x000084b6                FTFE_IRQHandler
 .text.Read_Collision_IRQHandler
                0x000084be        0x8 ./SDK/startup/startup_mk64f12.o
                0x000084be                Read_Collision_IRQHandler
 .text.LVD_LVW_IRQHandler
                0x000084c6        0x8 ./SDK/startup/startup_mk64f12.o
                0x000084c6                LVD_LVW_IRQHandler
 .text.LLWU_IRQHandler
                0x000084ce        0x8 ./SDK/startup/startup_mk64f12.o
                0x000084ce                LLWU_IRQHandler
 .text.WDOG_EWM_IRQHandler
                0x000084d6        0x8 ./SDK/startup/startup_mk64f12.o
                0x000084d6                WDOG_EWM_IRQHandler
 .text.RNG_IRQHandler
                0x000084de        0x8 ./SDK/startup/startup_mk64f12.o
                0x000084de                RNG_IRQHandler
 .text.I2C0_IRQHandler
                0x000084e6        0x8 ./SDK/startup/startup_mk64f12.o
                0x000084e6                I2C0_IRQHandler
 .text.I2C1_IRQHandler
                0x000084ee        0x8 ./SDK/startup/startup_mk64f12.o
                0x000084ee                I2C1_IRQHandler
 .text.SPI0_IRQHandler
                0x000084f6        0x8 ./SDK/startup/startup_mk64f12.o
                0x000084f6                SPI0_IRQHandler
 .text.SPI1_IRQHandler
                0x000084fe        0x8 ./SDK/startup/startup_mk64f12.o
                0x000084fe                SPI1_IRQHandler
 .text.I2S0_Tx_IRQHandler
                0x00008506        0x8 ./SDK/startup/startup_mk64f12.o
                0x00008506                I2S0_Tx_IRQHandler
 .text.I2S0_Rx_IRQHandler
                0x0000850e        0x8 ./SDK/startup/startup_mk64f12.o
                0x0000850e                I2S0_Rx_IRQHandler
 .text.UART0_LON_IRQHandler
                0x00008516        0x8 ./SDK/startup/startup_mk64f12.o
                0x00008516                UART0_LON_IRQHandler
 .text.UART0_ERR_IRQHandler
                0x0000851e        0x8 ./SDK/startup/startup_mk64f12.o
                0x0000851e                UART0_ERR_IRQHandler
 .text.UART1_ERR_IRQHandler
                0x00008526        0x8 ./SDK/startup/startup_mk64f12.o
                0x00008526                UART1_ERR_IRQHandler
 .text.UART2_ERR_IRQHandler
                0x0000852e        0x8 ./SDK/startup/startup_mk64f12.o
                0x0000852e                UART2_ERR_IRQHandler
 .text.UART3_ERR_IRQHandler
                0x00008536        0x8 ./SDK/startup/startup_mk64f12.o
                0x00008536                UART3_ERR_IRQHandler
 .text.ADC0_IRQHandler
                0x0000853e        0x8 ./SDK/startup/startup_mk64f12.o
                0x0000853e                ADC0_IRQHandler
 .text.CMP0_IRQHandler
                0x00008546        0x8 ./SDK/startup/startup_mk64f12.o
                0x00008546                CMP0_IRQHandler
 .text.CMP1_IRQHandler
                0x0000854e        0x8 ./SDK/startup/startup_mk64f12.o
                0x0000854e                CMP1_IRQHandler
 .text.FTM0_IRQHandler
                0x00008556        0x8 ./SDK/startup/startup_mk64f12.o
                0x00008556                FTM0_IRQHandler
 .text.FTM1_IRQHandler
                0x0000855e        0x8 ./SDK/startup/startup_mk64f12.o
                0x0000855e                FTM1_IRQHandler
 .text.FTM2_IRQHandler
                0x00008566        0x8 ./SDK/startup/startup_mk64f12.o
                0x00008566                FTM2_IRQHandler
 .text.CMT_IRQHandler
                0x0000856e        0x8 ./SDK/startup/startup_mk64f12.o
                0x0000856e                CMT_IRQHandler
 .text.RTC_IRQHandler
                0x00008576        0x8 ./SDK/startup/startup_mk64f12.o
                0x00008576                RTC_IRQHandler
 .text.RTC_Seconds_IRQHandler
                0x0000857e        0x8 ./SDK/startup/startup_mk64f12.o
                0x0000857e                RTC_Seconds_IRQHandler
 .text.PIT0_IRQHandler
                0x00008586        0x8 ./SDK/startup/startup_mk64f12.o
                0x00008586                PIT0_IRQHandler
 .text.PIT1_IRQHandler
                0x0000858e        0x8 ./SDK/startup/startup_mk64f12.o
                0x0000858e                PIT1_IRQHandler
 .text.PIT2_IRQHandler
                0x00008596        0x8 ./SDK/startup/startup_mk64f12.o
                0x00008596                PIT2_IRQHandler
 .text.PIT3_IRQHandler
                0x0000859e        0x8 ./SDK/startup/startup_mk64f12.o
                0x0000859e                PIT3_IRQHandler
 .text.PDB0_IRQHandler
                0x000085a6        0x8 ./SDK/startup/startup_mk64f12.o
                0x000085a6                PDB0_IRQHandler
 .text.USB0_IRQHandler
                0x000085ae        0x8 ./SDK/startup/startup_mk64f12.o
                0x000085ae                USB0_IRQHandler
 .text.USBDCD_IRQHandler
                0x000085b6        0x8 ./SDK/startup/startup_mk64f12.o
                0x000085b6                USBDCD_IRQHandler
 .text.Reserved71_IRQHandler
                0x000085be        0x8 ./SDK/startup/startup_mk64f12.o
                0x000085be                Reserved71_IRQHandler
 .text.DAC0_IRQHandler
                0x000085c6        0x8 ./SDK/startup/startup_mk64f12.o
                0x000085c6                DAC0_IRQHandler
 .text.MCG_IRQHandler
                0x000085ce        0x8 ./SDK/startup/startup_mk64f12.o
                0x000085ce                MCG_IRQHandler
 .text.LPTMR0_IRQHandler
                0x000085d6        0x8 ./SDK/startup/startup_mk64f12.o
                0x000085d6                LPTMR0_IRQHandler
 .text.SWI_IRQHandler
                0x000085de        0x8 ./SDK/startup/startup_mk64f12.o
                0x000085de                SWI_IRQHandler
 .text.SPI2_IRQHandler
                0x000085e6        0x8 ./SDK/startup/startup_mk64f12.o
                0x000085e6                SPI2_IRQHandler
 .text.UART4_ERR_IRQHandler
                0x000085ee        0x8 ./SDK/startup/startup_mk64f12.o
                0x000085ee                UART4_ERR_IRQHandler
 .text.UART5_RX_TX_IRQHandler
                0x000085f6        0x8 ./SDK/startup/startup_mk64f12.o
                0x000085f6                UART5_RX_TX_IRQHandler
 .text.UART5_ERR_IRQHandler
                0x000085fe        0x8 ./SDK/startup/startup_mk64f12.o
                0x000085fe                UART5_ERR_IRQHandler
 .text.CMP2_IRQHandler
                0x00008606        0x8 ./SDK/startup/startup_mk64f12.o
                0x00008606                CMP2_IRQHandler
 .text.FTM3_IRQHandler
                0x0000860e        0x8 ./SDK/startup/startup_mk64f12.o
                0x0000860e                FTM3_IRQHandler
 .text.DAC1_IRQHandler
                0x00008616        0x8 ./SDK/startup/startup_mk64f12.o
                0x00008616                DAC1_IRQHandler
 .text.ADC1_IRQHandler
                0x0000861e        0x8 ./SDK/startup/startup_mk64f12.o
                0x0000861e                ADC1_IRQHandler
 .text.I2C2_IRQHandler
                0x00008626        0x8 ./SDK/startup/startup_mk64f12.o
                0x00008626                I2C2_IRQHandler
 .text.CAN0_ORed_Message_buffer_IRQHandler
                0x0000862e        0x8 ./SDK/startup/startup_mk64f12.o
                0x0000862e                CAN0_ORed_Message_buffer_IRQHandler
 .text.CAN0_Bus_Off_IRQHandler
                0x00008636        0x8 ./SDK/startup/startup_mk64f12.o
                0x00008636                CAN0_Bus_Off_IRQHandler
 .text.CAN0_Error_IRQHandler
                0x0000863e        0x8 ./SDK/startup/startup_mk64f12.o
                0x0000863e                CAN0_Error_IRQHandler
 .text.CAN0_Tx_Warning_IRQHandler
                0x00008646        0x8 ./SDK/startup/startup_mk64f12.o
                0x00008646                CAN0_Tx_Warning_IRQHandler
 .text.CAN0_Rx_Warning_IRQHandler
                0x0000864e        0x8 ./SDK/startup/startup_mk64f12.o
                0x0000864e                CAN0_Rx_Warning_IRQHandler
 .text.CAN0_Wake_Up_IRQHandler
                0x00008656        0x8 ./SDK/startup/startup_mk64f12.o
                0x00008656                CAN0_Wake_Up_IRQHandler
 .text.SDHC_IRQHandler
                0x0000865e        0x8 ./SDK/startup/startup_mk64f12.o
                0x0000865e                SDHC_IRQHandler
 .text.ENET_1588_Timer_IRQHandler
                0x00008666        0x8 ./SDK/startup/startup_mk64f12.o
                0x00008666                ENET_1588_Timer_IRQHandler
 .text.ENET_Transmit_IRQHandler
                0x0000866e        0x8 ./SDK/startup/startup_mk64f12.o
                0x0000866e                ENET_Transmit_IRQHandler
 .text.ENET_Receive_IRQHandler
                0x00008676        0x8 ./SDK/startup/startup_mk64f12.o
                0x00008676                ENET_Receive_IRQHandler
 .text.ENET_Error_IRQHandler
                0x0000867e        0x8 ./SDK/startup/startup_mk64f12.o
                0x0000867e                ENET_Error_IRQHandler
 .text.SystemInitHook
                0x00008686        0xe ./SDK/CMSIS/system_MK64F12.o
                0x00008686                SystemInitHook
 .text.free     0x00008694       0x30 C:/nxp/MCUXpressoIDE_11.10.0_3148/ide/plugins/com.nxp.mcuxpresso.tools.win32_11.10.0.202311280810/tools/bin/../lib/gcc/arm-none-eabi/13.2.1/../../../../arm-none-eabi/lib/thumb/v7e-m+fp/hard\libcr_c.a(alloc.o)
                0x00008694                free
 .text.calloc   0x000086c4       0x50 C:/nxp/MCUXpressoIDE_11.10.0_3148/ide/plugins/com.nxp.mcuxpresso.tools.win32_11.10.0.202311280810/tools/bin/../lib/gcc/arm-none-eabi/13.2.1/../../../../arm-none-eabi/lib/thumb/v7e-m+fp/hard\libcr_c.a(alloc.o)
                0x000086c4                calloc
 .text.strcpy   0x00008714       0x42 C:/nxp/MCUXpressoIDE_11.10.0_3148/ide/plugins/com.nxp.mcuxpresso.tools.win32_11.10.0.202311280810/tools/bin/../lib/gcc/arm-none-eabi/13.2.1/../../../../arm-none-eabi/lib/thumb/v7e-m+fp/hard\libcr_c.a(strcpy.o)
                0x00008714                strcpy
 .text.strlen   0x00008756       0x4e C:/nxp/MCUXpressoIDE_11.10.0_3148/ide/plugins/com.nxp.mcuxpresso.tools.win32_11.10.0.202311280810/tools/bin/../lib/gcc/arm-none-eabi/13.2.1/../../../../arm-none-eabi/lib/thumb/v7e-m+fp/hard\libcr_c.a(strlen.o)
                0x00008756                strlen
 .text.memset   0x000087a4        0x4 C:/nxp/MCUXpressoIDE_11.10.0_3148/ide/plugins/com.nxp.mcuxpresso.tools.win32_11.10.0.202311280810/tools/bin/../lib/gcc/arm-none-eabi/13.2.1/../../../../arm-none-eabi/lib/thumb/v7e-m+fp/hard\libcr_c.a(memset.o)
                0x000087a4                memset
 .text.__aeabi_memset_lowlevel
                0x000087a8       0x32 C:/nxp/MCUXpressoIDE_11.10.0_3148/ide/plugins/com.nxp.mcuxpresso.tools.win32_11.10.0.202311280810/tools/bin/../lib/gcc/arm-none-eabi/13.2.1/thumb/v7e-m+fp/hard\libcr_eabihelpers.a(memcpy.o)
                0x000087a8                __aeabi_lowlevel_memset
 *(SORT_BY_ALIGNMENT(.rodata) SORT_BY_ALIGNMENT(.rodata.*) SORT_BY_ALIGNMENT(.constdata) SORT_BY_ALIGNMENT(.constdata.*))
 *fill*         0x000087da        0x2 ff
 .rodata.OSCfg_IdleTaskStkBasePtr
                0x000087dc        0x4 ./source/rtos/uCOSIII/src/uCOS-III/Source/os_cfg_app.o
                0x000087dc                OSCfg_IdleTaskStkBasePtr
 .rodata.OSCfg_IdleTaskStkLimit
                0x000087e0        0x4 ./source/rtos/uCOSIII/src/uCOS-III/Source/os_cfg_app.o
                0x000087e0                OSCfg_IdleTaskStkLimit
 .rodata.OSCfg_IdleTaskStkSize
                0x000087e4        0x4 ./source/rtos/uCOSIII/src/uCOS-III/Source/os_cfg_app.o
                0x000087e4                OSCfg_IdleTaskStkSize
 .rodata.OSCfg_ISRStkBasePtr
                0x000087e8        0x4 ./source/rtos/uCOSIII/src/uCOS-III/Source/os_cfg_app.o
                0x000087e8                OSCfg_ISRStkBasePtr
 .rodata.OSCfg_ISRStkSize
                0x000087ec        0x4 ./source/rtos/uCOSIII/src/uCOS-III/Source/os_cfg_app.o
                0x000087ec                OSCfg_ISRStkSize
 .rodata.OSCfg_MsgPoolBasePtr
                0x000087f0        0x4 ./source/rtos/uCOSIII/src/uCOS-III/Source/os_cfg_app.o
                0x000087f0                OSCfg_MsgPoolBasePtr
 .rodata.OSCfg_StatTaskRate_Hz
                0x000087f4        0x4 ./source/rtos/uCOSIII/src/uCOS-III/Source/os_cfg_app.o
                0x000087f4                OSCfg_StatTaskRate_Hz
 .rodata.OSCfg_StatTaskStkBasePtr
                0x000087f8        0x4 ./source/rtos/uCOSIII/src/uCOS-III/Source/os_cfg_app.o
                0x000087f8                OSCfg_StatTaskStkBasePtr
 .rodata.OSCfg_StatTaskStkLimit
                0x000087fc        0x4 ./source/rtos/uCOSIII/src/uCOS-III/Source/os_cfg_app.o
                0x000087fc                OSCfg_StatTaskStkLimit
 .rodata.OSCfg_StatTaskStkSize
                0x00008800        0x4 ./source/rtos/uCOSIII/src/uCOS-III/Source/os_cfg_app.o
                0x00008800                OSCfg_StatTaskStkSize
 .rodata.OSCfg_StkSizeMin
                0x00008804        0x4 ./source/rtos/uCOSIII/src/uCOS-III/Source/os_cfg_app.o
                0x00008804                OSCfg_StkSizeMin
 .rodata.OSCfg_TickRate_Hz
                0x00008808        0x4 ./source/rtos/uCOSIII/src/uCOS-III/Source/os_cfg_app.o
                0x00008808                OSCfg_TickRate_Hz
 .rodata.OSCfg_TickTaskStkBasePtr
                0x0000880c        0x4 ./source/rtos/uCOSIII/src/uCOS-III/Source/os_cfg_app.o
                0x0000880c                OSCfg_TickTaskStkBasePtr
 .rodata.OSCfg_TickTaskStkLimit
                0x00008810        0x4 ./source/rtos/uCOSIII/src/uCOS-III/Source/os_cfg_app.o
                0x00008810                OSCfg_TickTaskStkLimit
 .rodata.OSCfg_TickTaskStkSize
                0x00008814        0x4 ./source/rtos/uCOSIII/src/uCOS-III/Source/os_cfg_app.o
                0x00008814                OSCfg_TickTaskStkSize
 .rodata.OSCfg_TmrTaskRate_Hz
                0x00008818        0x4 ./source/rtos/uCOSIII/src/uCOS-III/Source/os_cfg_app.o
                0x00008818                OSCfg_TmrTaskRate_Hz
 .rodata.OSCfg_TmrTaskStkBasePtr
                0x0000881c        0x4 ./source/rtos/uCOSIII/src/uCOS-III/Source/os_cfg_app.o
                0x0000881c                OSCfg_TmrTaskStkBasePtr
 .rodata.OSCfg_TmrTaskStkLimit
                0x00008820        0x4 ./source/rtos/uCOSIII/src/uCOS-III/Source/os_cfg_app.o
                0x00008820                OSCfg_TmrTaskStkLimit
 .rodata.OSCfg_TmrTaskStkSize
                0x00008824        0x4 ./source/rtos/uCOSIII/src/uCOS-III/Source/os_cfg_app.o
                0x00008824                OSCfg_TmrTaskStkSize
 .rodata.OS_IdleTaskInit.str1.4
                0x00008828      0x19f ./source/rtos/uCOSIII/src/uCOS-III/Source/os_core.o
                                 0x14 (size before relaxing)
 .rodata.OS_PendDbgNameAdd.str1.4
                0x000089c7       0x16 ./source/rtos/uCOSIII/src/uCOS-III/Source/os_core.o
 *fill*         0x000089c7        0x1 ff
 .rodata.OSDbg_EndiannessTest
                0x000089c8        0x4 ./source/rtos/uCOSIII/src/uCOS-III/Source/os_dbg.o
                0x000089c8                OSDbg_EndiannessTest
 .rodata.OSDbg_FlagGrp
                0x000089cc       0x28 ./source/rtos/uCOSIII/src/uCOS-III/Source/os_dbg.o
                0x000089cc                OSDbg_FlagGrp
 .rodata.OSDbg_Mem
                0x000089f4       0x20 ./source/rtos/uCOSIII/src/uCOS-III/Source/os_dbg.o
                0x000089f4                OSDbg_Mem
 .rodata.OSDbg_Mutex
                0x00008a14       0x30 ./source/rtos/uCOSIII/src/uCOS-III/Source/os_dbg.o
                0x00008a14                OSDbg_Mutex
 .rodata.OSDbg_Q
                0x00008a44       0x30 ./source/rtos/uCOSIII/src/uCOS-III/Source/os_dbg.o
                0x00008a44                OSDbg_Q
 .rodata.OSDbg_Sem
                0x00008a74       0x28 ./source/rtos/uCOSIII/src/uCOS-III/Source/os_dbg.o
                0x00008a74                OSDbg_Sem
 .rodata.OSDbg_RdyListSize
                0x00008a9c        0x4 ./source/rtos/uCOSIII/src/uCOS-III/Source/os_dbg.o
                0x00008a9c                OSDbg_RdyListSize
 .rodata.OSDbg_Tmr
                0x00008aa0       0x30 ./source/rtos/uCOSIII/src/uCOS-III/Source/os_dbg.o
                0x00008aa0                OSDbg_Tmr
 .rodata.OSDbg_DataSize
                0x00008ad0        0x4 ./source/rtos/uCOSIII/src/uCOS-III/Source/os_dbg.o
                0x00008ad0                OSDbg_DataSize
 .rodata.OS_MutexDbgListAdd.str1.4
                0x00008ad4        0x2 ./source/rtos/uCOSIII/src/uCOS-III/Source/os_mutex.o
 .rodata.OS_SemDbgListAdd.str1.4
                0x00008ad4        0x2 ./source/rtos/uCOSIII/src/uCOS-III/Source/os_sem.o
 .rodata.OS_StatTaskInit.str1.4
                0x00008ad4       0x14 ./source/rtos/uCOSIII/src/uCOS-III/Source/os_stat.o
 .rodata.OS_TaskInitTCB.str1.4
                0x00008ad4        0xa ./source/rtos/uCOSIII/src/uCOS-III/Source/os_task.o
 .rodata.OS_TickTaskInit.str1.4
                0x00008ad4       0x14 ./source/rtos/uCOSIII/src/uCOS-III/Source/os_tick.o
 .rodata.OS_TmrInit.str1.4
                0x00008ad4       0x25 ./source/rtos/uCOSIII/src/uCOS-III/Source/os_tmr.o
 .rodata.confirm_text
                0x00008ad4        0x7 ./source/frontend/input_menu.o
 *fill*         0x00008adb        0x1 ff
 .rodata.cancel_text
                0x00008adc        0x7 ./source/frontend/input_menu.o
 *fill*         0x00008ae3        0x1 ff
 .rodata.edit_text
                0x00008ae4        0x5 ./source/frontend/input_menu.o
 *fill*         0x00008ae9        0x3 ff
 .rodata.input_menu_option_titles
                0x00008aec        0xc ./source/frontend/input_menu.o
 .rodata.message_box.str1.4
                0x00008af8        0xc ./source/frontend/message_box.o
 .rodata.segment_pins
                0x00008af8       0x20 ./source/drivers/display.o
 .rodata.dispInit.str1.4
                0x00008b18        0xb ./source/drivers/display.o
 .rodata.encoder_init.str1.4
                0x00008b18       0x18 ./source/drivers/encoder.o
 .rodata.ports  0x00008b18       0x14 ./source/drivers/gpio.o
 .rodata.gpios  0x00008b2c       0x14 ./source/drivers/gpio.o
 .rodata.lector_Init.str1.4
                0x00008b40        0xe ./source/drivers/lector.o
 .rodata.parse_data.str1.4
                0x00008b40        0x3 ./source/drivers/lector.o
 .rodata.App_Menu_Task.str1.4
                0x00008b40       0x7c ./source/App.o
 .rodata.App_Start.str1.4
                0x00008b40       0x46 ./source/App.o
 .rodata        0x00008b40       0x30 ./source/App.o
 .rodata.main.str1.4
                0x00008b70        0xf ./source/main.o
 .rodata.OSCfg_MsgPoolSize
                0x00008b70        0x2 ./source/rtos/uCOSIII/src/uCOS-III/Source/os_cfg_app.o
                0x00008b70                OSCfg_MsgPoolSize
 .rodata.OSDbg_FlagGrpSize
                0x00008b72        0x2 ./source/rtos/uCOSIII/src/uCOS-III/Source/os_dbg.o
                0x00008b72                OSDbg_FlagGrpSize
 .rodata.OSDbg_FlagWidth
                0x00008b74        0x2 ./source/rtos/uCOSIII/src/uCOS-III/Source/os_dbg.o
                0x00008b74                OSDbg_FlagWidth
 .rodata.OSDbg_MemSize
                0x00008b76        0x2 ./source/rtos/uCOSIII/src/uCOS-III/Source/os_dbg.o
                0x00008b76                OSDbg_MemSize
 .rodata.OSDbg_MsgSize
                0x00008b78        0x2 ./source/rtos/uCOSIII/src/uCOS-III/Source/os_dbg.o
                0x00008b78                OSDbg_MsgSize
 .rodata.OSDbg_MsgPoolSize
                0x00008b7a        0x2 ./source/rtos/uCOSIII/src/uCOS-III/Source/os_dbg.o
                0x00008b7a                OSDbg_MsgPoolSize
 .rodata.OSDbg_MsgQSize
                0x00008b7c        0x2 ./source/rtos/uCOSIII/src/uCOS-III/Source/os_dbg.o
                0x00008b7c                OSDbg_MsgQSize
 .rodata.OSDbg_MutexSize
                0x00008b7e        0x2 ./source/rtos/uCOSIII/src/uCOS-III/Source/os_dbg.o
                0x00008b7e                OSDbg_MutexSize
 .rodata.OSDbg_PendDataSize
                0x00008b80        0x2 ./source/rtos/uCOSIII/src/uCOS-III/Source/os_dbg.o
                0x00008b80                OSDbg_PendDataSize
 .rodata.OSDbg_PendListSize
                0x00008b82        0x2 ./source/rtos/uCOSIII/src/uCOS-III/Source/os_dbg.o
                0x00008b82                OSDbg_PendListSize
 .rodata.OSDbg_PendObjSize
                0x00008b84        0x2 ./source/rtos/uCOSIII/src/uCOS-III/Source/os_dbg.o
                0x00008b84                OSDbg_PendObjSize
 .rodata.OSDbg_PrioMax
                0x00008b86        0x2 ./source/rtos/uCOSIII/src/uCOS-III/Source/os_dbg.o
                0x00008b86                OSDbg_PrioMax
 .rodata.OSDbg_PrioTblSize
                0x00008b88        0x2 ./source/rtos/uCOSIII/src/uCOS-III/Source/os_dbg.o
                0x00008b88                OSDbg_PrioTblSize
 .rodata.OSDbg_PtrSize
                0x00008b8a        0x2 ./source/rtos/uCOSIII/src/uCOS-III/Source/os_dbg.o
                0x00008b8a                OSDbg_PtrSize
 .rodata.OSDbg_QSize
                0x00008b8c        0x2 ./source/rtos/uCOSIII/src/uCOS-III/Source/os_dbg.o
                0x00008b8c                OSDbg_QSize
 .rodata.OSDbg_SemSize
                0x00008b8e        0x2 ./source/rtos/uCOSIII/src/uCOS-III/Source/os_dbg.o
                0x00008b8e                OSDbg_SemSize
 .rodata.OSDbg_RdyList
                0x00008b90        0x2 ./source/rtos/uCOSIII/src/uCOS-III/Source/os_dbg.o
                0x00008b90                OSDbg_RdyList
 .rodata.OSDbg_TaskRegTblSize
                0x00008b92        0x2 ./source/rtos/uCOSIII/src/uCOS-III/Source/os_dbg.o
                0x00008b92                OSDbg_TaskRegTblSize
 .rodata.OSDbg_TCBSize
                0x00008b94        0x2 ./source/rtos/uCOSIII/src/uCOS-III/Source/os_dbg.o
                0x00008b94                OSDbg_TCBSize
 .rodata.OSDbg_TickListSize
                0x00008b96        0x2 ./source/rtos/uCOSIII/src/uCOS-III/Source/os_dbg.o
                0x00008b96                OSDbg_TickListSize
 .rodata.OSDbg_TmrSize
                0x00008b98        0x2 ./source/rtos/uCOSIII/src/uCOS-III/Source/os_dbg.o
                0x00008b98                OSDbg_TmrSize
 .rodata.OSDbg_VersionNbr
                0x00008b9a        0x2 ./source/rtos/uCOSIII/src/uCOS-III/Source/os_dbg.o
                0x00008b9a                OSDbg_VersionNbr
 .rodata.OSCfg_StatTaskPrio
                0x00008b9c        0x1 ./source/rtos/uCOSIII/src/uCOS-III/Source/os_cfg_app.o
                0x00008b9c                OSCfg_StatTaskPrio
 .rodata.OSCfg_TickTaskPrio
                0x00008b9d        0x1 ./source/rtos/uCOSIII/src/uCOS-III/Source/os_cfg_app.o
                0x00008b9d                OSCfg_TickTaskPrio
 .rodata.OSCfg_TmrTaskPrio
                0x00008b9e        0x1 ./source/rtos/uCOSIII/src/uCOS-III/Source/os_cfg_app.o
                0x00008b9e                OSCfg_TmrTaskPrio
 .rodata.OSDbg_DbgEn
                0x00008b9f        0x1 ./source/rtos/uCOSIII/src/uCOS-III/Source/os_dbg.o
                0x00008b9f                OSDbg_DbgEn
 .rodata.OSDbg_ArgChkEn
                0x00008ba0        0x1 ./source/rtos/uCOSIII/src/uCOS-III/Source/os_dbg.o
                0x00008ba0                OSDbg_ArgChkEn
 .rodata.OSDbg_AppHooksEn
                0x00008ba1        0x1 ./source/rtos/uCOSIII/src/uCOS-III/Source/os_dbg.o
                0x00008ba1                OSDbg_AppHooksEn
 .rodata.OSDbg_CalledFromISRChkEn
                0x00008ba2        0x1 ./source/rtos/uCOSIII/src/uCOS-III/Source/os_dbg.o
                0x00008ba2                OSDbg_CalledFromISRChkEn
 .rodata.OSDbg_FlagEn
                0x00008ba3        0x1 ./source/rtos/uCOSIII/src/uCOS-III/Source/os_dbg.o
                0x00008ba3                OSDbg_FlagEn
 .rodata.OSDbg_FlagDelEn
                0x00008ba4        0x1 ./source/rtos/uCOSIII/src/uCOS-III/Source/os_dbg.o
                0x00008ba4                OSDbg_FlagDelEn
 .rodata.OSDbg_FlagModeClrEn
                0x00008ba5        0x1 ./source/rtos/uCOSIII/src/uCOS-III/Source/os_dbg.o
                0x00008ba5                OSDbg_FlagModeClrEn
 .rodata.OSDbg_FlagPendAbortEn
                0x00008ba6        0x1 ./source/rtos/uCOSIII/src/uCOS-III/Source/os_dbg.o
                0x00008ba6                OSDbg_FlagPendAbortEn
 .rodata.OSDbg_ISRPostDeferredEn
                0x00008ba7        0x1 ./source/rtos/uCOSIII/src/uCOS-III/Source/os_dbg.o
                0x00008ba7                OSDbg_ISRPostDeferredEn
 .rodata.OSDbg_MemEn
                0x00008ba8        0x1 ./source/rtos/uCOSIII/src/uCOS-III/Source/os_dbg.o
                0x00008ba8                OSDbg_MemEn
 .rodata.OSDbg_MsgEn
                0x00008ba9        0x1 ./source/rtos/uCOSIII/src/uCOS-III/Source/os_dbg.o
                0x00008ba9                OSDbg_MsgEn
 .rodata.OSDbg_MutexEn
                0x00008baa        0x1 ./source/rtos/uCOSIII/src/uCOS-III/Source/os_dbg.o
                0x00008baa                OSDbg_MutexEn
 .rodata.OSDbg_MutexDelEn
                0x00008bab        0x1 ./source/rtos/uCOSIII/src/uCOS-III/Source/os_dbg.o
                0x00008bab                OSDbg_MutexDelEn
 .rodata.OSDbg_MutexPendAbortEn
                0x00008bac        0x1 ./source/rtos/uCOSIII/src/uCOS-III/Source/os_dbg.o
                0x00008bac                OSDbg_MutexPendAbortEn
 .rodata.OSDbg_ObjTypeChkEn
                0x00008bad        0x1 ./source/rtos/uCOSIII/src/uCOS-III/Source/os_dbg.o
                0x00008bad                OSDbg_ObjTypeChkEn
 .rodata.OSDbg_PendMultiEn
                0x00008bae        0x1 ./source/rtos/uCOSIII/src/uCOS-III/Source/os_dbg.o
                0x00008bae                OSDbg_PendMultiEn
 .rodata.OSDbg_QEn
                0x00008baf        0x1 ./source/rtos/uCOSIII/src/uCOS-III/Source/os_dbg.o
                0x00008baf                OSDbg_QEn
 .rodata.OSDbg_QDelEn
                0x00008bb0        0x1 ./source/rtos/uCOSIII/src/uCOS-III/Source/os_dbg.o
                0x00008bb0                OSDbg_QDelEn
 .rodata.OSDbg_QFlushEn
                0x00008bb1        0x1 ./source/rtos/uCOSIII/src/uCOS-III/Source/os_dbg.o
                0x00008bb1                OSDbg_QFlushEn
 .rodata.OSDbg_QPendAbortEn
                0x00008bb2        0x1 ./source/rtos/uCOSIII/src/uCOS-III/Source/os_dbg.o
                0x00008bb2                OSDbg_QPendAbortEn
 .rodata.OSDbg_SchedRoundRobinEn
                0x00008bb3        0x1 ./source/rtos/uCOSIII/src/uCOS-III/Source/os_dbg.o
                0x00008bb3                OSDbg_SchedRoundRobinEn
 .rodata.OSDbg_SemEn
                0x00008bb4        0x1 ./source/rtos/uCOSIII/src/uCOS-III/Source/os_dbg.o
                0x00008bb4                OSDbg_SemEn
 .rodata.OSDbg_SemDelEn
                0x00008bb5        0x1 ./source/rtos/uCOSIII/src/uCOS-III/Source/os_dbg.o
                0x00008bb5                OSDbg_SemDelEn
 .rodata.OSDbg_SemPendAbortEn
                0x00008bb6        0x1 ./source/rtos/uCOSIII/src/uCOS-III/Source/os_dbg.o
                0x00008bb6                OSDbg_SemPendAbortEn
 .rodata.OSDbg_SemSetEn
                0x00008bb7        0x1 ./source/rtos/uCOSIII/src/uCOS-III/Source/os_dbg.o
                0x00008bb7                OSDbg_SemSetEn
 .rodata.OSDbg_StkWidth
                0x00008bb8        0x1 ./source/rtos/uCOSIII/src/uCOS-III/Source/os_dbg.o
                0x00008bb8                OSDbg_StkWidth
 .rodata.OSDbg_StatTaskEn
                0x00008bb9        0x1 ./source/rtos/uCOSIII/src/uCOS-III/Source/os_dbg.o
                0x00008bb9                OSDbg_StatTaskEn
 .rodata.OSDbg_StatTaskStkChkEn
                0x00008bba        0x1 ./source/rtos/uCOSIII/src/uCOS-III/Source/os_dbg.o
                0x00008bba                OSDbg_StatTaskStkChkEn
 .rodata.OSDbg_TaskChangePrioEn
                0x00008bbb        0x1 ./source/rtos/uCOSIII/src/uCOS-III/Source/os_dbg.o
                0x00008bbb                OSDbg_TaskChangePrioEn
 .rodata.OSDbg_TaskDelEn
                0x00008bbc        0x1 ./source/rtos/uCOSIII/src/uCOS-III/Source/os_dbg.o
                0x00008bbc                OSDbg_TaskDelEn
 .rodata.OSDbg_TaskQEn
                0x00008bbd        0x1 ./source/rtos/uCOSIII/src/uCOS-III/Source/os_dbg.o
                0x00008bbd                OSDbg_TaskQEn
 .rodata.OSDbg_TaskQPendAbortEn
                0x00008bbe        0x1 ./source/rtos/uCOSIII/src/uCOS-III/Source/os_dbg.o
                0x00008bbe                OSDbg_TaskQPendAbortEn
 .rodata.OSDbg_TaskProfileEn
                0x00008bbf        0x1 ./source/rtos/uCOSIII/src/uCOS-III/Source/os_dbg.o
                0x00008bbf                OSDbg_TaskProfileEn
 .rodata.OSDbg_TaskSemPendAbortEn
                0x00008bc0        0x1 ./source/rtos/uCOSIII/src/uCOS-III/Source/os_dbg.o
                0x00008bc0                OSDbg_TaskSemPendAbortEn
 .rodata.OSDbg_TaskSuspendEn
                0x00008bc1        0x1 ./source/rtos/uCOSIII/src/uCOS-III/Source/os_dbg.o
                0x00008bc1                OSDbg_TaskSuspendEn
 .rodata.OSDbg_TimeDlyHMSMEn
                0x00008bc2        0x1 ./source/rtos/uCOSIII/src/uCOS-III/Source/os_dbg.o
                0x00008bc2                OSDbg_TimeDlyHMSMEn
 .rodata.OSDbg_TimeDlyResumeEn
                0x00008bc3        0x1 ./source/rtos/uCOSIII/src/uCOS-III/Source/os_dbg.o
                0x00008bc3                OSDbg_TimeDlyResumeEn
 .rodata.OSDbg_TmrEn
                0x00008bc4        0x1 ./source/rtos/uCOSIII/src/uCOS-III/Source/os_dbg.o
                0x00008bc4                OSDbg_TmrEn
 .rodata.OSDbg_TmrDelEn
                0x00008bc5        0x1 ./source/rtos/uCOSIII/src/uCOS-III/Source/os_dbg.o
                0x00008bc5                OSDbg_TmrDelEn
                0x00008bc8                        . = ALIGN (0x8)
 *fill*         0x00008bc6        0x2 ff

.glue_7         0x00008bc8        0x0
 .glue_7        0x00008bc8        0x0 linker stubs

.glue_7t        0x00008bc8        0x0
 .glue_7t       0x00008bc8        0x0 linker stubs

.vfp11_veneer   0x00008bc8        0x0
 .vfp11_veneer  0x00008bc8        0x0 linker stubs

.v4_bx          0x00008bc8        0x0
 .v4_bx         0x00008bc8        0x0 linker stubs

.iplt           0x00008bc8        0x0
 .iplt          0x00008bc8        0x0 ./source/utils/circular_buffer.o

.rel.dyn        0x00008bc8        0x0
 .rel.iplt      0x00008bc8        0x0 ./source/utils/circular_buffer.o

.ARM.extab
 *(SORT_BY_ALIGNMENT(.ARM.extab*) SORT_BY_ALIGNMENT(.gnu.linkonce.armextab.*))

.ARM.exidx      0x00008bc8        0x0
                0x00008bc8                        __exidx_start = .
 *(SORT_BY_ALIGNMENT(.ARM.exidx*) SORT_BY_ALIGNMENT(.gnu.linkonce.armexidx.*))
                0x00008bc8                        __exidx_end = .
                0x00008bc8                        _etext = .

.m_usb_data
 *(SORT_BY_ALIGNMENT(m_usb_bdt))

.data_RAM2      0x1fff0000        0x0 load address 0x00008bc8
 FILL mask 0xff
                [!provide]                        PROVIDE (__start_data_RAM2 = .)
                [!provide]                        PROVIDE (__start_data_SRAM_LOWER = .)
 *(SORT_BY_ALIGNMENT(.ramfunc.$RAM2))
 *(SORT_BY_ALIGNMENT(.ramfunc.$SRAM_LOWER))
 *(SORT_BY_ALIGNMENT(.data.$RAM2))
 *(SORT_BY_ALIGNMENT(.data.$SRAM_LOWER))
 *(SORT_BY_ALIGNMENT(.data.$RAM2.*))
 *(SORT_BY_ALIGNMENT(.data.$SRAM_LOWER.*))
                0x1fff0000                        . = ALIGN (0x8)
                [!provide]                        PROVIDE (__end_data_RAM2 = .)
                [!provide]                        PROVIDE (__end_data_SRAM_LOWER = .)

.data_RAM3      0x14000000        0x0 load address 0x00008bc8
 FILL mask 0xff
                [!provide]                        PROVIDE (__start_data_RAM3 = .)
                [!provide]                        PROVIDE (__start_data_FLEX_RAM = .)
 *(SORT_BY_ALIGNMENT(.ramfunc.$RAM3))
 *(SORT_BY_ALIGNMENT(.ramfunc.$FLEX_RAM))
 *(SORT_BY_ALIGNMENT(.data.$RAM3))
 *(SORT_BY_ALIGNMENT(.data.$FLEX_RAM))
 *(SORT_BY_ALIGNMENT(.data.$RAM3.*))
 *(SORT_BY_ALIGNMENT(.data.$FLEX_RAM.*))
                0x14000000                        . = ALIGN (0x8)
                [!provide]                        PROVIDE (__end_data_RAM3 = .)
                [!provide]                        PROVIDE (__end_data_FLEX_RAM = .)

.uninit_RESERVED
                0x20000000        0x0
                0x20000000                        _start_uninit_RESERVED = .
 *(SORT_BY_ALIGNMENT(.bss.$RESERVED*))
                0x20000000                        . = ALIGN (0x8)
                0x20000000                        _end_uninit_RESERVED = .

.data           0x20000000       0x68 load address 0x00008bc8
 FILL mask 0xff
                0x20000000                        _data = .
                [!provide]                        PROVIDE (__start_data_RAM = .)
                [!provide]                        PROVIDE (__start_data_SRAM_UPPER = .)
 *(SORT_BY_ALIGNMENT(vtable))
 *(SORT_BY_ALIGNMENT(.ramfunc*))
 *(SORT_BY_ALIGNMENT(CodeQuickAccess))
 *(SORT_BY_ALIGNMENT(DataQuickAccess))
 *(SORT_BY_ALIGNMENT(RamFunction))
 *(SORT_BY_ALIGNMENT(.data*))
 .data.irq_ports
                0x20000000        0x5 ./source/drivers/gpio.o
 *fill*         0x20000005        0x3 ff
 .data.uart     0x20000008       0x50 ./source/drivers/uart.o
                0x20000008                uart
 .data.SystemCoreClock
                0x20000058        0x4 ./SDK/CMSIS/system_MK64F12.o
                0x20000058                SystemCoreClock
 .data.brightness_timer
                0x2000005c        0x1 ./source/drivers/display.o
 .data.btnA     0x2000005d        0x1 ./source/drivers/encoder.o
 .data.lastBtnA
                0x2000005e        0x1 ./source/drivers/encoder.o
 .data.btnB     0x2000005f        0x1 ./source/drivers/encoder.o
 .data.lastBtnB
                0x20000060        0x1 ./source/drivers/encoder.o
 .data.enable_state
                0x20000061        0x1 ./source/drivers/lector.o
                0x20000068                        . = ALIGN (0x8)
 *fill*         0x20000062        0x6 ff
                0x20000068                        _edata = .
                [!provide]                        PROVIDE (__end_data_RAM = .)
                [!provide]                        PROVIDE (__end_data_SRAM_UPPER = .)

.igot.plt       0x20000068        0x0 load address 0x00008c30
 .igot.plt      0x20000068        0x0 ./source/utils/circular_buffer.o

.bss_RAM2       0x1fff0000        0x0
                [!provide]                        PROVIDE (__start_bss_RAM2 = .)
                [!provide]                        PROVIDE (__start_bss_SRAM_LOWER = .)
 *(SORT_BY_ALIGNMENT(.bss.$RAM2))
 *(SORT_BY_ALIGNMENT(.bss.$SRAM_LOWER))
 *(SORT_BY_ALIGNMENT(.bss.$RAM2.*))
 *(SORT_BY_ALIGNMENT(.bss.$SRAM_LOWER.*))
                0x1fff0000                        . = ALIGN ((. != 0x0)?0x8:0x1)
                [!provide]                        PROVIDE (__end_bss_RAM2 = .)
                [!provide]                        PROVIDE (__end_bss_SRAM_LOWER = .)

.bss_RAM3       0x14000000        0x0
                [!provide]                        PROVIDE (__start_bss_RAM3 = .)
                [!provide]                        PROVIDE (__start_bss_FLEX_RAM = .)
 *(SORT_BY_ALIGNMENT(.bss.$RAM3))
 *(SORT_BY_ALIGNMENT(.bss.$FLEX_RAM))
 *(SORT_BY_ALIGNMENT(.bss.$RAM3.*))
 *(SORT_BY_ALIGNMENT(.bss.$FLEX_RAM.*))
                0x14000000                        . = ALIGN ((. != 0x0)?0x8:0x1)
                [!provide]                        PROVIDE (__end_bss_RAM3 = .)
                [!provide]                        PROVIDE (__end_bss_FLEX_RAM = .)

.bss            0x20000068     0x4e00
                0x20000068                        _bss = .
                [!provide]                        PROVIDE (__start_bss_RAM = .)
                [!provide]                        PROVIDE (__start_bss_SRAM_UPPER = .)
 *(SORT_BY_ALIGNMENT(.bss*))
 .bss.OSCfg_IdleTaskStk
                0x20000068      0x200 ./source/rtos/uCOSIII/src/uCOS-III/Source/os_cfg_app.o
                0x20000068                OSCfg_IdleTaskStk
 .bss.OSCfg_ISRStk
                0x20000268      0x200 ./source/rtos/uCOSIII/src/uCOS-III/Source/os_cfg_app.o
                0x20000268                OSCfg_ISRStk
 .bss.OSCfg_MsgPool
                0x20000468      0x640 ./source/rtos/uCOSIII/src/uCOS-III/Source/os_cfg_app.o
                0x20000468                OSCfg_MsgPool
 .bss.OSCfg_StatTaskStk
                0x20000aa8      0x200 ./source/rtos/uCOSIII/src/uCOS-III/Source/os_cfg_app.o
                0x20000aa8                OSCfg_StatTaskStk
 .bss.OSCfg_TickTaskStk
                0x20000ca8      0x200 ./source/rtos/uCOSIII/src/uCOS-III/Source/os_cfg_app.o
                0x20000ca8                OSCfg_TickTaskStk
 .bss.OSCfg_TmrTaskStk
                0x20000ea8      0x200 ./source/rtos/uCOSIII/src/uCOS-III/Source/os_cfg_app.o
                0x20000ea8                OSCfg_TmrTaskStk
 .bss.OSPrioTbl
                0x200010a8        0x4 ./source/rtos/uCOSIII/src/uCOS-III/Source/os_prio.o
                0x200010a8                OSPrioTbl
 .bss.OS_AppTaskCreateHookPtr
                0x200010ac        0x4 ./source/rtos/uCOSIII/src/uCOS-III/Source/os_var.o
                0x200010ac                OS_AppTaskCreateHookPtr
 .bss.OS_AppTaskDelHookPtr
                0x200010b0        0x4 ./source/rtos/uCOSIII/src/uCOS-III/Source/os_var.o
                0x200010b0                OS_AppTaskDelHookPtr
 .bss.OS_AppTaskReturnHookPtr
                0x200010b4        0x4 ./source/rtos/uCOSIII/src/uCOS-III/Source/os_var.o
                0x200010b4                OS_AppTaskReturnHookPtr
 .bss.OS_AppIdleTaskHookPtr
                0x200010b8        0x4 ./source/rtos/uCOSIII/src/uCOS-III/Source/os_var.o
                0x200010b8                OS_AppIdleTaskHookPtr
 .bss.OS_AppStatTaskHookPtr
                0x200010bc        0x4 ./source/rtos/uCOSIII/src/uCOS-III/Source/os_var.o
                0x200010bc                OS_AppStatTaskHookPtr
 .bss.OS_AppTaskSwHookPtr
                0x200010c0        0x4 ./source/rtos/uCOSIII/src/uCOS-III/Source/os_var.o
                0x200010c0                OS_AppTaskSwHookPtr
 .bss.OS_AppTimeTickHookPtr
                0x200010c4        0x4 ./source/rtos/uCOSIII/src/uCOS-III/Source/os_var.o
                0x200010c4                OS_AppTimeTickHookPtr
 .bss.OSIdleTaskCtr
                0x200010c8        0x4 ./source/rtos/uCOSIII/src/uCOS-III/Source/os_var.o
                0x200010c8                OSIdleTaskCtr
 .bss.OSIdleTaskTCB
                0x200010cc       0xc4 ./source/rtos/uCOSIII/src/uCOS-III/Source/os_var.o
                0x200010cc                OSIdleTaskTCB
 .bss.OSFlagDbgListPtr
                0x20001190        0x4 ./source/rtos/uCOSIII/src/uCOS-III/Source/os_var.o
                0x20001190                OSFlagDbgListPtr
 .bss.OSMemDbgListPtr
                0x20001194        0x4 ./source/rtos/uCOSIII/src/uCOS-III/Source/os_var.o
                0x20001194                OSMemDbgListPtr
 .bss.OSMsgPool
                0x20001198        0xc ./source/rtos/uCOSIII/src/uCOS-III/Source/os_var.o
                0x20001198                OSMsgPool
 .bss.OSMutexDbgListPtr
                0x200011a4        0x4 ./source/rtos/uCOSIII/src/uCOS-III/Source/os_var.o
                0x200011a4                OSMutexDbgListPtr
 .bss.OSQDbgListPtr
                0x200011a8        0x4 ./source/rtos/uCOSIII/src/uCOS-III/Source/os_var.o
                0x200011a8                OSQDbgListPtr
 .bss.OSRdyList
                0x200011ac      0x180 ./source/rtos/uCOSIII/src/uCOS-III/Source/os_var.o
                0x200011ac                OSRdyList
 .bss.OSSchedRoundRobinDfltTimeQuanta
                0x2000132c        0x4 ./source/rtos/uCOSIII/src/uCOS-III/Source/os_var.o
                0x2000132c                OSSchedRoundRobinDfltTimeQuanta
 .bss.OSSemDbgListPtr
                0x20001330        0x4 ./source/rtos/uCOSIII/src/uCOS-III/Source/os_var.o
                0x20001330                OSSemDbgListPtr
 .bss.OSStatTaskCtr
                0x20001334        0x4 ./source/rtos/uCOSIII/src/uCOS-III/Source/os_var.o
                0x20001334                OSStatTaskCtr
 .bss.OSStatTaskCtrMax
                0x20001338        0x4 ./source/rtos/uCOSIII/src/uCOS-III/Source/os_var.o
                0x20001338                OSStatTaskCtrMax
 .bss.OSStatTaskCtrRun
                0x2000133c        0x4 ./source/rtos/uCOSIII/src/uCOS-III/Source/os_var.o
                0x2000133c                OSStatTaskCtrRun
 .bss.OSStatTaskTCB
                0x20001340       0xc4 ./source/rtos/uCOSIII/src/uCOS-III/Source/os_var.o
                0x20001340                OSStatTaskTCB
 .bss.OSStatTaskTimeMax
                0x20001404        0x4 ./source/rtos/uCOSIII/src/uCOS-III/Source/os_var.o
                0x20001404                OSStatTaskTimeMax
 .bss.OSTaskCtxSwCtr
                0x20001408        0x4 ./source/rtos/uCOSIII/src/uCOS-III/Source/os_var.o
                0x20001408                OSTaskCtxSwCtr
 .bss.OSTaskDbgListPtr
                0x2000140c        0x4 ./source/rtos/uCOSIII/src/uCOS-III/Source/os_var.o
                0x2000140c                OSTaskDbgListPtr
 .bss.OSTickCtr
                0x20001410        0x4 ./source/rtos/uCOSIII/src/uCOS-III/Source/os_var.o
                0x20001410                OSTickCtr
 .bss.OSTickTaskTCB
                0x20001414       0xc4 ./source/rtos/uCOSIII/src/uCOS-III/Source/os_var.o
                0x20001414                OSTickTaskTCB
 .bss.OSTickTaskTimeMax
                0x200014d8        0x4 ./source/rtos/uCOSIII/src/uCOS-III/Source/os_var.o
                0x200014d8                OSTickTaskTimeMax
 .bss.OSTickListDly
                0x200014dc        0x8 ./source/rtos/uCOSIII/src/uCOS-III/Source/os_var.o
                0x200014dc                OSTickListDly
 .bss.OSTickListTimeout
                0x200014e4        0x8 ./source/rtos/uCOSIII/src/uCOS-III/Source/os_var.o
                0x200014e4                OSTickListTimeout
 .bss.OSTmrDbgListPtr
                0x200014ec        0x4 ./source/rtos/uCOSIII/src/uCOS-III/Source/os_var.o
                0x200014ec                OSTmrDbgListPtr
 .bss.OSTmrListPtr
                0x200014f0        0x4 ./source/rtos/uCOSIII/src/uCOS-III/Source/os_var.o
                0x200014f0                OSTmrListPtr
 .bss.OSTmrMutex
                0x200014f4       0x30 ./source/rtos/uCOSIII/src/uCOS-III/Source/os_var.o
                0x200014f4                OSTmrMutex
 .bss.OSTmrTaskTCB
                0x20001524       0xc4 ./source/rtos/uCOSIII/src/uCOS-III/Source/os_var.o
                0x20001524                OSTmrTaskTCB
 .bss.OSTmrTaskTimeMax
                0x200015e8        0x4 ./source/rtos/uCOSIII/src/uCOS-III/Source/os_var.o
                0x200015e8                OSTmrTaskTimeMax
 .bss.OSTmrTickCtr
                0x200015ec        0x4 ./source/rtos/uCOSIII/src/uCOS-III/Source/os_var.o
                0x200015ec                OSTmrTickCtr
 .bss.OSTmrUpdateCnt
                0x200015f0        0x4 ./source/rtos/uCOSIII/src/uCOS-III/Source/os_var.o
                0x200015f0                OSTmrUpdateCnt
 .bss.OSTmrUpdateCtr
                0x200015f4        0x4 ./source/rtos/uCOSIII/src/uCOS-III/Source/os_var.o
                0x200015f4                OSTmrUpdateCtr
 .bss.OSTCBCurPtr
                0x200015f8        0x4 ./source/rtos/uCOSIII/src/uCOS-III/Source/os_var.o
                0x200015f8                OSTCBCurPtr
 .bss.OSTCBHighRdyPtr
                0x200015fc        0x4 ./source/rtos/uCOSIII/src/uCOS-III/Source/os_var.o
                0x200015fc                OSTCBHighRdyPtr
 .bss.OS_CPU_ExceptStkBase
                0x20001600        0x4 ./source/rtos/uCOSIII/src/uCOS-III/Ports/ARM-Cortex-M4/Generic/GNU/os_cpu_c.o
                0x20001600                OS_CPU_ExceptStkBase
 .bss.CPU_TS_TmrFreq_Hz
                0x20001604        0x4 ./source/rtos/uCOSIII/src/uC-CPU/cpu_core.o
                0x20001604                CPU_TS_TmrFreq_Hz
 .bss.virtual_display
                0x20001608       0x1e ./source/drivers/display.o
 *fill*         0x20001626        0x2 
 .bss.cursor    0x20001628        0x4 ./source/drivers/display.o
 .bss.window_offset
                0x2000162c        0x4 ./source/drivers/display.o
 .bss.display_TMR
                0x20001630       0x30 ./source/drivers/display.o
 .bss.slider_TMR
                0x20001660       0x30 ./source/drivers/display.o
 .bss.brightness_TMR
                0x20001690       0x30 ./source/drivers/display.o
 .bss.cursor_TMR
                0x200016c0       0x30 ./source/drivers/display.o
 .bss.encoder_event
                0x200016f0        0xc ./source/drivers/encoder.o
 .bss.tmr1      0x200016fc       0x30 ./source/drivers/encoder.o
 .bss.enc_sem   0x2000172c       0x28 ./source/drivers/encoder.o
 .bss.handlers  0x20001754      0x280 ./source/drivers/gpio.o
 .bss.irq_pins  0x200019d4       0x14 ./source/drivers/gpio.o
 .bss.port      0x200019e8        0x4 ./source/drivers/gpio.o
                0x200019e8                port
 .bss.num       0x200019ec        0x4 ./source/drivers/gpio.o
                0x200019ec                num
 .bss.bits      0x200019f0       0xc8 ./source/drivers/lector.o
 .bss.words     0x20001ab8       0x28 ./source/drivers/lector.o
 .bss.lector_TMR
                0x20001ae0       0x30 ./source/drivers/lector.o
 .bss.semLectorEnable
                0x20001b10       0x28 ./source/drivers/lector.o
 .bss.initSemPtr
                0x20001b38        0x4 ./source/drivers/lector.o
 .bss.TaskParseTCB
                0x20001b3c       0xc4 ./source/drivers/lector.o
 .bss.TaskParseStk
                0x20001c00      0x800 ./source/drivers/lector.o
 .bss.TaskMenuTCB
                0x20002400       0xc4 ./source/App.o
 .bss.TaskMenuStk
                0x200024c4     0x2000 ./source/App.o
 .bss.semLectorAvailable
                0x200044c4       0x28 ./source/App.o
 .bss.event_pend_data
                0x200044ec       0x40 ./source/App.o
 .bss.call_stack
                0x2000452c        0x4 ./source/App.o
 .bss.user_not_found_msg
                0x20004530        0x4 ./source/App.o
 .bss.door_open_msg
                0x20004534        0x4 ./source/App.o
 .bss.access_denied_msg
                0x20004538        0x4 ./source/App.o
 .bss.user_table
                0x2000453c        0x4 ./source/App.o