../source/drivers/display.c:59:16:char_to_7segment	16	static
../source/drivers/display.c:179:6:dispInit	32	static
../source/drivers/display.c:216:6:setCursor	16	static
../source/drivers/display.c:220:6:setWinOffset	16	static
../source/drivers/display.c:224:6:dispWord	24	static
../source/drivers/display.c:241:6:dispChar	16	static
../source/drivers/display.c:245:6:dispBlank	16	static
../source/drivers/display.c:251:6:dispBlankCursor	4	static
../source/drivers/display.c:255:6:dispEnableSlider	16	static
../source/drivers/display.c:259:6:setBrightness	16	static
../source/drivers/display.c:264:6:move_window	16	static
../source/drivers/display.c:268:6:disp_reset_slider	8	static
../source/drivers/display.c:279:13:dispRender	24	static
../source/drivers/display.c:298:13:write_display	24	static
../source/drivers/display.c:313:17:getIndex	16	static
../source/drivers/display.c:317:13:slider	16	static
../source/drivers/display.c:329:13:turn_off_segs	24	static
../source/drivers/display.c:335:13:show_cursor	16	static
